Archive member included to satisfy reference by file (symbol)

c:/program files (x86)/atollic/truestudio for stm32 9.3.0/armtools/bin/../lib/gcc/arm-atollic-eabi/6.3.1/../../../../arm-atollic-eabi/lib/armv6-m\libc_nano.a(lib_a-atof.o)
                              Src\gps.o (atof)
c:/program files (x86)/atollic/truestudio for stm32 9.3.0/armtools/bin/../lib/gcc/arm-atollic-eabi/6.3.1/../../../../arm-atollic-eabi/lib/armv6-m\libc_nano.a(lib_a-atoi.o)
                              Src\gps.o (atoi)
c:/program files (x86)/atollic/truestudio for stm32 9.3.0/armtools/bin/../lib/gcc/arm-atollic-eabi/6.3.1/../../../../arm-atollic-eabi/lib/armv6-m\libc_nano.a(lib_a-errno.o)
                              Src\syscalls.o (__errno)
c:/program files (x86)/atollic/truestudio for stm32 9.3.0/armtools/bin/../lib/gcc/arm-atollic-eabi/6.3.1/../../../../arm-atollic-eabi/lib/armv6-m\libc_nano.a(lib_a-impure.o)
                              c:/program files (x86)/atollic/truestudio for stm32 9.3.0/armtools/bin/../lib/gcc/arm-atollic-eabi/6.3.1/../../../../arm-atollic-eabi/lib/armv6-m\libc_nano.a(lib_a-errno.o) (_impure_ptr)
c:/program files (x86)/atollic/truestudio for stm32 9.3.0/armtools/bin/../lib/gcc/arm-atollic-eabi/6.3.1/../../../../arm-atollic-eabi/lib/armv6-m\libc_nano.a(lib_a-init.o)
                              startup\startup_stm32l072xx.o (__libc_init_array)
c:/program files (x86)/atollic/truestudio for stm32 9.3.0/armtools/bin/../lib/gcc/arm-atollic-eabi/6.3.1/../../../../arm-atollic-eabi/lib/armv6-m\libc_nano.a(lib_a-itoa.o)
                              Src\gps.o (itoa)
c:/program files (x86)/atollic/truestudio for stm32 9.3.0/armtools/bin/../lib/gcc/arm-atollic-eabi/6.3.1/../../../../arm-atollic-eabi/lib/armv6-m\libc_nano.a(lib_a-malloc.o)
                              Src\encoder.o (malloc)
c:/program files (x86)/atollic/truestudio for stm32 9.3.0/armtools/bin/../lib/gcc/arm-atollic-eabi/6.3.1/../../../../arm-atollic-eabi/lib/armv6-m\libc_nano.a(lib_a-memcpy-stub.o)
                              Src\encoder.o (memcpy)
c:/program files (x86)/atollic/truestudio for stm32 9.3.0/armtools/bin/../lib/gcc/arm-atollic-eabi/6.3.1/../../../../arm-atollic-eabi/lib/armv6-m\libc_nano.a(lib_a-memset.o)
                              Drivers\STM32L0xx_HAL_Driver\Src\stm32l0xx_hal_rcc.o (memset)
c:/program files (x86)/atollic/truestudio for stm32 9.3.0/armtools/bin/../lib/gcc/arm-atollic-eabi/6.3.1/../../../../arm-atollic-eabi/lib/armv6-m\libc_nano.a(lib_a-nano-freer.o)
                              c:/program files (x86)/atollic/truestudio for stm32 9.3.0/armtools/bin/../lib/gcc/arm-atollic-eabi/6.3.1/../../../../arm-atollic-eabi/lib/armv6-m\libc_nano.a(lib_a-malloc.o) (_free_r)
c:/program files (x86)/atollic/truestudio for stm32 9.3.0/armtools/bin/../lib/gcc/arm-atollic-eabi/6.3.1/../../../../arm-atollic-eabi/lib/armv6-m\libc_nano.a(lib_a-nano-mallocr.o)
                              c:/program files (x86)/atollic/truestudio for stm32 9.3.0/armtools/bin/../lib/gcc/arm-atollic-eabi/6.3.1/../../../../arm-atollic-eabi/lib/armv6-m\libc_nano.a(lib_a-malloc.o) (_malloc_r)
c:/program files (x86)/atollic/truestudio for stm32 9.3.0/armtools/bin/../lib/gcc/arm-atollic-eabi/6.3.1/../../../../arm-atollic-eabi/lib/armv6-m\libc_nano.a(lib_a-sbrkr.o)
                              c:/program files (x86)/atollic/truestudio for stm32 9.3.0/armtools/bin/../lib/gcc/arm-atollic-eabi/6.3.1/../../../../arm-atollic-eabi/lib/armv6-m\libc_nano.a(lib_a-nano-mallocr.o) (_sbrk_r)
c:/program files (x86)/atollic/truestudio for stm32 9.3.0/armtools/bin/../lib/gcc/arm-atollic-eabi/6.3.1/../../../../arm-atollic-eabi/lib/armv6-m\libc_nano.a(lib_a-strcat.o)
                              Src\encoder.o (strcat)
c:/program files (x86)/atollic/truestudio for stm32 9.3.0/armtools/bin/../lib/gcc/arm-atollic-eabi/6.3.1/../../../../arm-atollic-eabi/lib/armv6-m\libc_nano.a(lib_a-strcmp.o)
                              Src\gprs.o (strcmp)
c:/program files (x86)/atollic/truestudio for stm32 9.3.0/armtools/bin/../lib/gcc/arm-atollic-eabi/6.3.1/../../../../arm-atollic-eabi/lib/armv6-m\libc_nano.a(lib_a-strcpy.o)
                              Src\encoder.o (strcpy)
c:/program files (x86)/atollic/truestudio for stm32 9.3.0/armtools/bin/../lib/gcc/arm-atollic-eabi/6.3.1/../../../../arm-atollic-eabi/lib/armv6-m\libc_nano.a(lib_a-strlen.o)
                              Src\encoder.o (strlen)
c:/program files (x86)/atollic/truestudio for stm32 9.3.0/armtools/bin/../lib/gcc/arm-atollic-eabi/6.3.1/../../../../arm-atollic-eabi/lib/armv6-m\libc_nano.a(lib_a-strncpy.o)
                              Src\gprs.o (strncpy)
c:/program files (x86)/atollic/truestudio for stm32 9.3.0/armtools/bin/../lib/gcc/arm-atollic-eabi/6.3.1/../../../../arm-atollic-eabi/lib/armv6-m\libc_nano.a(lib_a-strstr.o)
                              Src\encoder.o (strstr)
[...]
Memory Configuration

Name             Origin             Length             Attributes
RAM              0x20000000         0x00005000         xrw
FLASH            0x08000000         0x00020000         xr
*default*        0x00000000         0xffffffff

Linker script and memory map

LOAD c:/program files (x86)/atollic/truestudio for stm32 9.3.0/armtools/bin/../lib/gcc/arm-atollic-eabi/6.3.1/armv6-m/crti.o
LOAD c:/program files (x86)/atollic/truestudio for stm32 9.3.0/armtools/bin/../lib/gcc/arm-atollic-eabi/6.3.1/armv6-m/crtbegin.o
LOAD Drivers\STM32L0xx_HAL_Driver\Src\stm32l0xx_hal.o
LOAD Drivers\STM32L0xx_HAL_Driver\Src\stm32l0xx_hal_adc.o
LOAD Drivers\STM32L0xx_HAL_Driver\Src\stm32l0xx_hal_adc_ex.o
LOAD Drivers\STM32L0xx_HAL_Driver\Src\stm32l0xx_hal_cortex.o
LOAD Drivers\STM32L0xx_HAL_Driver\Src\stm32l0xx_hal_dma.o
LOAD Drivers\STM32L0xx_HAL_Driver\Src\stm32l0xx_hal_flash.o
LOAD Drivers\STM32L0xx_HAL_Driver\Src\stm32l0xx_hal_flash_ex.o
LOAD Drivers\STM32L0xx_HAL_Driver\Src\stm32l0xx_hal_flash_ramfunc.o
LOAD Drivers\STM32L0xx_HAL_Driver\Src\stm32l0xx_hal_gpio.o
LOAD Drivers\STM32L0xx_HAL_Driver\Src\stm32l0xx_hal_i2c.o
LOAD Drivers\STM32L0xx_HAL_Driver\Src\stm32l0xx_hal_i2c_ex.o
LOAD Drivers\STM32L0xx_HAL_Driver\Src\stm32l0xx_hal_pwr.o
LOAD Drivers\STM32L0xx_HAL_Driver\Src\stm32l0xx_hal_pwr_ex.o
LOAD Drivers\STM32L0xx_HAL_Driver\Src\stm32l0xx_hal_rcc.o
LOAD Drivers\STM32L0xx_HAL_Driver\Src\stm32l0xx_hal_rcc_ex.o
LOAD Drivers\STM32L0xx_HAL_Driver\Src\stm32l0xx_hal_tim.o
LOAD Drivers\STM32L0xx_HAL_Driver\Src\stm32l0xx_hal_tim_ex.o
LOAD Drivers\STM32L0xx_HAL_Driver\Src\stm32l0xx_hal_uart.o
LOAD Drivers\STM32L0xx_HAL_Driver\Src\stm32l0xx_hal_uart_ex.o
LOAD Src\encoder.o
LOAD Src\gprs.o
LOAD Src\gps.o
LOAD Src\lsm303ah_reg.o
LOAD Src\main.o
LOAD Src\sen031x.o
LOAD Src\sensors.o
LOAD Src\sigfox.o
LOAD Src\stm32l0xx_hal_msp.o
LOAD Src\stm32l0xx_it.o
LOAD Src\syscalls.o
LOAD Src\system_stm32l0xx.o
LOAD startup\startup_stm32l072xx.o
                0x00000080                malloc_getpagesize_P = 0x80
START GROUP
LOAD c:/program files (x86)/atollic/truestudio for stm32 9.3.0/armtools/bin/../lib/gcc/arm-atollic-eabi/6.3.1/../../../../arm-atollic-eabi/lib/armv6-m\libc_nano.a
LOAD c:/program files (x86)/atollic/truestudio for stm32 9.3.0/armtools/bin/../lib/gcc/arm-atollic-eabi/6.3.1/../../../../arm-atollic-eabi/lib/armv6-m\libm.a
END GROUP
START GROUP
LOAD c:/program files (x86)/atollic/truestudio for stm32 9.3.0/armtools/bin/../lib/gcc/arm-atollic-eabi/6.3.1/armv6-m\libgcc.a
LOAD c:/program files (x86)/atollic/truestudio for stm32 9.3.0/armtools/bin/../lib/gcc/arm-atollic-eabi/6.3.1/../../../../arm-atollic-eabi/lib/armv6-m\libc_nano.a
END GROUP
START GROUP
LOAD c:/program files (x86)/atollic/truestudio for stm32 9.3.0/armtools/bin/../lib/gcc/arm-atollic-eabi/6.3.1/armv6-m\libgcc.a
LOAD c:/program files (x86)/atollic/truestudio for stm32 9.3.0/armtools/bin/../lib/gcc/arm-atollic-eabi/6.3.1/../../../../arm-atollic-eabi/lib/armv6-m\libc_nano.a
LOAD c:/program files (x86)/atollic/truestudio for stm32 9.3.0/armtools/bin/../lib/gcc/arm-atollic-eabi/6.3.1/../../../../arm-atollic-eabi/lib/armv6-m\libnosys.a
END GROUP
START GROUP
LOAD c:/program files (x86)/atollic/truestudio for stm32 9.3.0/armtools/bin/../lib/gcc/arm-atollic-eabi/6.3.1/armv6-m\libgcc.a
LOAD c:/program files (x86)/atollic/truestudio for stm32 9.3.0/armtools/bin/../lib/gcc/arm-atollic-eabi/6.3.1/../../../../arm-atollic-eabi/lib/armv6-m\libc_nano.a
LOAD c:/program files (x86)/atollic/truestudio for stm32 9.3.0/armtools/bin/../lib/gcc/arm-atollic-eabi/6.3.1/../../../../arm-atollic-eabi/lib/armv6-m\libnosys.a
END GROUP
LOAD c:/program files (x86)/atollic/truestudio for stm32 9.3.0/armtools/bin/../lib/gcc/arm-atollic-eabi/6.3.1/armv6-m/crtend.o
LOAD c:/program files (x86)/atollic/truestudio for stm32 9.3.0/armtools/bin/../lib/gcc/arm-atollic-eabi/6.3.1/armv6-m/crtn.o
                0x20005000                _estack = 0x20005000
                0x00000200                _Min_Heap_Size = 0x200
                0x00000400                _Min_Stack_Size = 0x400

.isr_vector     0x08000000       0xc0
                0x08000000                . = ALIGN (0x4)
 *(.isr_vector)
 .isr_vector    0x08000000       0xc0 startup\startup_stm32l072xx.o
                0x08000000                g_pfnVectors
                0x080000c0                . = ALIGN (0x4)

.text           0x080000c0     0xa0c4
                0x080000c0                . = ALIGN (0x4)
 *(.text)
 .text          0x080000c0       0x48 c:/program files (x86)/atollic/truestudio for stm32 9.3.0/armtools/bin/../lib/gcc/arm-atollic-eabi/6.3.1/armv6-m/crtbegin.o
 .text          0x08000108        0xe c:/program files (x86)/atollic/truestudio for stm32 9.3.0/armtools/bin/../lib/gcc/arm-atollic-eabi/6.3.1/../../../../arm-atollic-eabi/lib/armv6-m\libc_nano.a(lib_a-strlen.o)
                0x08000108                strlen
 *fill*         0x08000116        0x2 
 .text          0x08000118       0x14 c:/program files (x86)/atollic/truestudio for stm32 9.3.0/armtools/bin/../lib/gcc/arm-atollic-eabi/6.3.1/armv6-m\libgcc.a(_thumb1_case_uqi.o)
                0x08000118                __gnu_thumb1_case_uqi
 .text          0x0800012c       0x14 c:/program files (x86)/atollic/truestudio for stm32 9.3.0/armtools/bin/../lib/gcc/arm-atollic-eabi/6.3.1/armv6-m\libgcc.a(_thumb1_case_shi.o)
                0x0800012c                __gnu_thumb1_case_shi
 .text          0x08000140      0x114 c:/program files (x86)/atollic/truestudio for stm32 9.3.0/armtools/bin/../lib/gcc/arm-atollic-eabi/6.3.1/armv6-m\libgcc.a(_udivsi3.o)
                0x08000140                __aeabi_uidiv
                0x08000140                __udivsi3
                0x0800024c                __aeabi_uidivmod
 .text          0x08000254      0x1d4 c:/program files (x86)/atollic/truestudio for stm32 9.3.0/armtools/bin/../lib/gcc/arm-atollic-eabi/6.3.1/armv6-m\libgcc.a(_divsi3.o)
                0x08000254                __divsi3
                0x08000254                __aeabi_idiv
                0x08000420                __aeabi_idivmod
 .text          0x08000428        0x4 c:/program files (x86)/atollic/truestudio for stm32 9.3.0/armtools/bin/../lib/gcc/arm-atollic-eabi/6.3.1/armv6-m\libgcc.a(_dvmd_tls.o)
                0x08000428                __aeabi_idiv0
                0x08000428                __aeabi_ldiv0
 .text          0x0800042c       0x7c c:/program files (x86)/atollic/truestudio for stm32 9.3.0/armtools/bin/../lib/gcc/arm-atollic-eabi/6.3.1/armv6-m\libgcc.a(_arm_cmpdf2.o)
                0x0800042c                __aeabi_cdrcmple
                0x0800043c                __aeabi_cdcmple
                0x0800043c                __aeabi_cdcmpeq
                0x0800044c                __aeabi_dcmpeq
                0x08000458                __aeabi_dcmplt
                0x0800046c                __aeabi_dcmple
                0x08000480                __aeabi_dcmpgt
                0x08000494                __aeabi_dcmpge
 .text          0x080004a8       0x74 c:/program files (x86)/atollic/truestudio for stm32 9.3.0/armtools/bin/../lib/gcc/arm-atollic-eabi/6.3.1/armv6-m\libgcc.a(_arm_cmpsf2.o)
                0x080004a8                __aeabi_cfrcmple
                0x080004b0                __aeabi_cfcmpeq
                0x080004b0                __aeabi_cfcmple
                0x080004c0                __aeabi_fcmpeq
                0x080004cc                __aeabi_fcmplt
                0x080004e0                __aeabi_fcmple
                0x080004f4                __aeabi_fcmpgt
                0x08000508                __aeabi_fcmpge
 .text          0x0800051c       0x40 c:/program files (x86)/atollic/truestudio for stm32 9.3.0/armtools/bin/../lib/gcc/arm-atollic-eabi/6.3.1/armv6-m\libgcc.a(_aeabi_uldivmod.o)
                0x0800051c                __aeabi_uldivmod
 .text          0x0800055c       0x30 c:/program files (x86)/atollic/truestudio for stm32 9.3.0/armtools/bin/../lib/gcc/arm-atollic-eabi/6.3.1/armv6-m\libgcc.a(_fixunssfsi.o)
                0x0800055c                __fixunssfsi
                0x0800055c                __aeabi_f2uiz
 .text          0x0800058c       0x3c c:/program files (x86)/atollic/truestudio for stm32 9.3.0/armtools/bin/../lib/gcc/arm-atollic-eabi/6.3.1/armv6-m\libgcc.a(_fixunsdfsi.o)
                0x0800058c                __aeabi_d2uiz
                0x0800058c                __fixunsdfsi
 .text          0x080005c8      0x180 c:/program files (x86)/atollic/truestudio for stm32 9.3.0/armtools/bin/../lib/gcc/arm-atollic-eabi/6.3.1/armv6-m\libgcc.a(_udivmoddi4.o)
                0x080005c8                __udivmoddi4
 .text          0x08000748      0x324 c:/program files (x86)/atollic/truestudio for stm32 9.3.0/armtools/bin/../lib/gcc/arm-atollic-eabi/6.3.1/armv6-m\libgcc.a(addsf3.o)
                0x08000748                __aeabi_fadd
 .text          0x08000a6c      0x290 c:/program files (x86)/atollic/truestudio for stm32 9.3.0/armtools/bin/../lib/gcc/arm-atollic-eabi/6.3.1/armv6-m\libgcc.a(divsf3.o)
                0x08000a6c                __aeabi_fdiv
 .text          0x08000cfc       0x4c c:/program files (x86)/atollic/truestudio for stm32 9.3.0/armtools/bin/../lib/gcc/arm-atollic-eabi/6.3.1/armv6-m\libgcc.a(eqsf2.o)
                0x08000cfc                __eqsf2
                0x08000cfc                __nesf2
 .text          0x08000d48       0x80 c:/program files (x86)/atollic/truestudio for stm32 9.3.0/armtools/bin/../lib/gcc/arm-atollic-eabi/6.3.1/armv6-m\libgcc.a(gesf2.o)
                0x08000d48                __gesf2
                0x08000d48                __gtsf2
 .text          0x08000dc8       0x84 c:/program files (x86)/atollic/truestudio for stm32 9.3.0/armtools/bin/../lib/gcc/arm-atollic-eabi/6.3.1/armv6-m\libgcc.a(lesf2.o)
                0x08000dc8                __ltsf2
                0x08000dc8                __lesf2
 .text          0x08000e4c      0x240 c:/program files (x86)/atollic/truestudio for stm32 9.3.0/armtools/bin/../lib/gcc/arm-atollic-eabi/6.3.1/armv6-m\libgcc.a(mulsf3.o)
                0x08000e4c                __aeabi_fmul
 .text          0x0800108c      0x338 c:/program files (x86)/atollic/truestudio for stm32 9.3.0/armtools/bin/../lib/gcc/arm-atollic-eabi/6.3.1/armv6-m\libgcc.a(subsf3.o)
                0x0800108c                __aeabi_fsub
 .text          0x080013c4       0x40 c:/program files (x86)/atollic/truestudio for stm32 9.3.0/armtools/bin/../lib/gcc/arm-atollic-eabi/6.3.1/armv6-m\libgcc.a(fixsfsi.o)
                0x080013c4                __aeabi_f2iz
 .text          0x08001404       0xa0 c:/program files (x86)/atollic/truestudio for stm32 9.3.0/armtools/bin/../lib/gcc/arm-atollic-eabi/6.3.1/armv6-m\libgcc.a(floatsisf.o)
                0x08001404                __aeabi_i2f
 .text          0x080014a4       0x8c c:/program files (x86)/atollic/truestudio for stm32 9.3.0/armtools/bin/../lib/gcc/arm-atollic-eabi/6.3.1/armv6-m\libgcc.a(floatunsisf.o)
                0x080014a4                __aeabi_ui2f
 .text          0x08001530      0x620 c:/program files (x86)/atollic/truestudio for stm32 9.3.0/armtools/bin/../lib/gcc/arm-atollic-eabi/6.3.1/armv6-m\libgcc.a(adddf3.o)
                0x08001530                __aeabi_dadd
 .text          0x08001b50      0x668 c:/program files (x86)/atollic/truestudio for stm32 9.3.0/armtools/bin/../lib/gcc/arm-atollic-eabi/6.3.1/armv6-m\libgcc.a(divdf3.o)
                0x08001b50                __aeabi_ddiv
 .text          0x080021b8       0x74 c:/program files (x86)/atollic/truestudio for stm32 9.3.0/armtools/bin/../lib/gcc/arm-atollic-eabi/6.3.1/armv6-m\libgcc.a(eqdf2.o)
                0x080021b8                __nedf2
                0x080021b8                __eqdf2
 .text          0x0800222c       0xc8 c:/program files (x86)/atollic/truestudio for stm32 9.3.0/armtools/bin/../lib/gcc/arm-atollic-eabi/6.3.1/armv6-m\libgcc.a(gedf2.o)
                0x0800222c                __gedf2
                0x0800222c                __gtdf2
 .text          0x080022f4       0xc4 c:/program files (x86)/atollic/truestudio for stm32 9.3.0/armtools/bin/../lib/gcc/arm-atollic-eabi/6.3.1/armv6-m\libgcc.a(ledf2.o)
                0x080022f4                __ledf2
                0x080022f4                __ltdf2
 .text          0x080023b8      0x500 c:/program files (x86)/atollic/truestudio for stm32 9.3.0/armtools/bin/../lib/gcc/arm-atollic-eabi/6.3.1/armv6-m\libgcc.a(muldf3.o)
                0x080023b8                __aeabi_dmul
 .text          0x080028b8      0x62c c:/program files (x86)/atollic/truestudio for stm32 9.3.0/armtools/bin/../lib/gcc/arm-atollic-eabi/6.3.1/armv6-m\libgcc.a(subdf3.o)
                0x080028b8                __aeabi_dsub
 .text          0x08002ee4       0x40 c:/program files (x86)/atollic/truestudio for stm32 9.3.0/armtools/bin/../lib/gcc/arm-atollic-eabi/6.3.1/armv6-m\libgcc.a(unorddf2.o)
                0x08002ee4                __aeabi_dcmpun
 .text          0x08002f24       0x68 c:/program files (x86)/atollic/truestudio for stm32 9.3.0/armtools/bin/../lib/gcc/arm-atollic-eabi/6.3.1/armv6-m\libgcc.a(fixdfsi.o)
                0x08002f24                __aeabi_d2iz
 .text          0x08002f8c       0x84 c:/program files (x86)/atollic/truestudio for stm32 9.3.0/armtools/bin/../lib/gcc/arm-atollic-eabi/6.3.1/armv6-m\libgcc.a(floatsidf.o)
                0x08002f8c                __aeabi_i2d
 .text          0x08003010       0x70 c:/program files (x86)/atollic/truestudio for stm32 9.3.0/armtools/bin/../lib/gcc/arm-atollic-eabi/6.3.1/armv6-m\libgcc.a(floatunsidf.o)
                0x08003010                __aeabi_ui2d
 .text          0x08003080      0x114 c:/program files (x86)/atollic/truestudio for stm32 9.3.0/armtools/bin/../lib/gcc/arm-atollic-eabi/6.3.1/armv6-m\libgcc.a(truncdfsf2.o)
                0x08003080                __aeabi_d2f
 .text          0x08003194       0x3c c:/program files (x86)/atollic/truestudio for stm32 9.3.0/armtools/bin/../lib/gcc/arm-atollic-eabi/6.3.1/armv6-m\libgcc.a(_clzsi2.o)
                0x08003194                __clzsi2
 .text          0x080031d0       0x18 c:/program files (x86)/atollic/truestudio for stm32 9.3.0/armtools/bin/../lib/gcc/arm-atollic-eabi/6.3.1/armv6-m\libgcc.a(_clzdi2.o)
                0x080031d0                __clzdi2
 *(.text*)
 .text.HAL_InitTick
                0x080031e8       0x30 Drivers\STM32L0xx_HAL_Driver\Src\stm32l0xx_hal.o
                0x080031e8                HAL_InitTick
 .text.HAL_Init
                0x08003218       0x28 Drivers\STM32L0xx_HAL_Driver\Src\stm32l0xx_hal.o
                0x08003218                HAL_Init
 .text.HAL_IncTick
                0x08003240       0x10 Drivers\STM32L0xx_HAL_Driver\Src\stm32l0xx_hal.o
                0x08003240                HAL_IncTick
 .text.HAL_GetTick
                0x08003250        0xc Drivers\STM32L0xx_HAL_Driver\Src\stm32l0xx_hal.o
                0x08003250                HAL_GetTick
 .text.HAL_Delay
                0x0800325c       0x1e Drivers\STM32L0xx_HAL_Driver\Src\stm32l0xx_hal.o
                0x0800325c                HAL_Delay
 *fill*         0x0800327a        0x2 
 .text.ADC_DelayMicroSecond
                0x0800327c       0x2c Drivers\STM32L0xx_HAL_Driver\Src\stm32l0xx_hal_adc.o
 .text.ADC_Enable
                0x080032a8       0x70 Drivers\STM32L0xx_HAL_Driver\Src\stm32l0xx_hal_adc.o
 .text.HAL_ADC_Init
                0x08003318      0x3a0 Drivers\STM32L0xx_HAL_Driver\Src\stm32l0xx_hal_adc.o
                0x08003318                HAL_ADC_Init
 .text.HAL_ADC_Start_DMA
                0x080036b8       0xb0 Drivers\STM32L0xx_HAL_Driver\Src\stm32l0xx_hal_adc.o
                0x080036b8                HAL_ADC_Start_DMA
 .text.HAL_ADC_ConvCpltCallback
                0x08003768        0x2 Drivers\STM32L0xx_HAL_Driver\Src\stm32l0xx_hal_adc.o
                0x08003768                HAL_ADC_ConvCpltCallback
 *fill*         0x0800376a        0x2 
 .text.ADC_DMAConvCplt
                0x0800376c       0x70 Drivers\STM32L0xx_HAL_Driver\Src\stm32l0xx_hal_adc.o
 .text.HAL_ADC_ConvHalfCpltCallback
                0x080037dc        0x2 Drivers\STM32L0xx_HAL_Driver\Src\stm32l0xx_hal_adc.o
                0x080037dc                HAL_ADC_ConvHalfCpltCallback
 .text.ADC_DMAHalfConvCplt
                0x080037de        0xa Drivers\STM32L0xx_HAL_Driver\Src\stm32l0xx_hal_adc.o
 .text.HAL_ADC_LevelOutOfWindowCallback
                0x080037e8        0x2 Drivers\STM32L0xx_HAL_Driver\Src\stm32l0xx_hal_adc.o
                0x080037e8                HAL_ADC_LevelOutOfWindowCallback
 .text.HAL_ADC_ErrorCallback
                0x080037ea        0x2 Drivers\STM32L0xx_HAL_Driver\Src\stm32l0xx_hal_adc.o
                0x080037ea                HAL_ADC_ErrorCallback
 .text.ADC_DMAError
                0x080037ec       0x1a Drivers\STM32L0xx_HAL_Driver\Src\stm32l0xx_hal_adc.o
 *fill*         0x08003806        0x2 
 .text.HAL_ADC_IRQHandler
                0x08003808      0x12c Drivers\STM32L0xx_HAL_Driver\Src\stm32l0xx_hal_adc.o
                0x08003808                HAL_ADC_IRQHandler
 .text.HAL_ADC_ConfigChannel
                0x08003934      0x198 Drivers\STM32L0xx_HAL_Driver\Src\stm32l0xx_hal_adc.o
                0x08003934                HAL_ADC_ConfigChannel
 .text.HAL_NVIC_SetPriority
                0x08003acc       0x74 Drivers\STM32L0xx_HAL_Driver\Src\stm32l0xx_hal_cortex.o
                0x08003acc                HAL_NVIC_SetPriority
 .text.HAL_NVIC_EnableIRQ
                0x08003b40       0x24 Drivers\STM32L0xx_HAL_Driver\Src\stm32l0xx_hal_cortex.o
                0x08003b40                HAL_NVIC_EnableIRQ
 .text.HAL_SYSTICK_Config
                0x08003b64       0x34 Drivers\STM32L0xx_HAL_Driver\Src\stm32l0xx_hal_cortex.o
                0x08003b64                HAL_SYSTICK_Config
 .text.HAL_DMA_Init
                0x08003b98      0x188 Drivers\STM32L0xx_HAL_Driver\Src\stm32l0xx_hal_dma.o
                0x08003b98                HAL_DMA_Init
 .text.HAL_DMA_Start_IT
                0x08003d20       0xa0 Drivers\STM32L0xx_HAL_Driver\Src\stm32l0xx_hal_dma.o
                0x08003d20                HAL_DMA_Start_IT
 .text.HAL_DMA_Abort_IT
                0x08003dc0       0x4a Drivers\STM32L0xx_HAL_Driver\Src\stm32l0xx_hal_dma.o
                0x08003dc0                HAL_DMA_Abort_IT
 .text.HAL_DMA_IRQHandler
                0x08003e0a       0x96 Drivers\STM32L0xx_HAL_Driver\Src\stm32l0xx_hal_dma.o
                0x08003e0a                HAL_DMA_IRQHandler
 .text.HAL_GPIO_Init
                0x08003ea0      0x26c Drivers\STM32L0xx_HAL_Driver\Src\stm32l0xx_hal_gpio.o
                0x08003ea0                HAL_GPIO_Init
 .text.HAL_GPIO_WritePin
                0x0800410c       0x84 Drivers\STM32L0xx_HAL_Driver\Src\stm32l0xx_hal_gpio.o
                0x0800410c                HAL_GPIO_WritePin
 .text.I2C_Flush_TXDR
                0x08004190       0x1c Drivers\STM32L0xx_HAL_Driver\Src\stm32l0xx_hal_i2c.o
 .text.I2C_TransferConfig
                0x080041ac       0xb0 Drivers\STM32L0xx_HAL_Driver\Src\stm32l0xx_hal_i2c.o
 .text.I2C_WaitOnFlagUntilTimeout
                0x0800425c       0x50 Drivers\STM32L0xx_HAL_Driver\Src\stm32l0xx_hal_i2c.o
 .text.I2C_IsAcknowledgeFailed
                0x080042ac       0x7c Drivers\STM32L0xx_HAL_Driver\Src\stm32l0xx_hal_i2c.o
 .text.I2C_WaitOnTXISFlagUntilTimeout
                0x08004328       0x54 Drivers\STM32L0xx_HAL_Driver\Src\stm32l0xx_hal_i2c.o
 .text.I2C_RequestMemoryWrite
                0x0800437c       0x64 Drivers\STM32L0xx_HAL_Driver\Src\stm32l0xx_hal_i2c.o
 .text.I2C_RequestMemoryRead
                0x080043e0       0x64 Drivers\STM32L0xx_HAL_Driver\Src\stm32l0xx_hal_i2c.o
 .text.I2C_WaitOnSTOPFlagUntilTimeout
                0x08004444       0x50 Drivers\STM32L0xx_HAL_Driver\Src\stm32l0xx_hal_i2c.o
 .text.HAL_I2C_Init
                0x08004494      0x160 Drivers\STM32L0xx_HAL_Driver\Src\stm32l0xx_hal_i2c.o
                0x08004494                HAL_I2C_Init
 .text.HAL_I2C_Mem_Write
                0x080045f4      0x190 Drivers\STM32L0xx_HAL_Driver\Src\stm32l0xx_hal_i2c.o
                0x080045f4                HAL_I2C_Mem_Write
 .text.HAL_I2C_Mem_Read
                0x08004784      0x19c Drivers\STM32L0xx_HAL_Driver\Src\stm32l0xx_hal_i2c.o
                0x08004784                HAL_I2C_Mem_Read
 .text.HAL_I2CEx_ConfigAnalogFilter
                0x08004920       0x8c Drivers\STM32L0xx_HAL_Driver\Src\stm32l0xx_hal_i2c_ex.o
                0x08004920                HAL_I2CEx_ConfigAnalogFilter
 .text.HAL_I2CEx_ConfigDigitalFilter
                0x080049ac       0x84 Drivers\STM32L0xx_HAL_Driver\Src\stm32l0xx_hal_i2c_ex.o
                0x080049ac                HAL_I2CEx_ConfigDigitalFilter
 .text.HAL_RCC_GetSysClockFreq
                0x08004a30       0x78 Drivers\STM32L0xx_HAL_Driver\Src\stm32l0xx_hal_rcc.o
                0x08004a30                HAL_RCC_GetSysClockFreq
 .text.HAL_RCC_OscConfig
                0x08004aa8      0x6bc Drivers\STM32L0xx_HAL_Driver\Src\stm32l0xx_hal_rcc.o
                0x08004aa8                HAL_RCC_OscConfig
 .text.HAL_RCC_ClockConfig
                0x08005164      0x248 Drivers\STM32L0xx_HAL_Driver\Src\stm32l0xx_hal_rcc.o
                0x08005164                HAL_RCC_ClockConfig
 .text.HAL_RCC_GetPCLK1Freq
                0x080053ac       0x20 Drivers\STM32L0xx_HAL_Driver\Src\stm32l0xx_hal_rcc.o
                0x080053ac                HAL_RCC_GetPCLK1Freq
 .text.HAL_RCC_GetPCLK2Freq
                0x080053cc       0x20 Drivers\STM32L0xx_HAL_Driver\Src\stm32l0xx_hal_rcc.o
                0x080053cc                HAL_RCC_GetPCLK2Freq
 .text.HAL_RCCEx_PeriphCLKConfig
                0x080053ec      0x290 Drivers\STM32L0xx_HAL_Driver\Src\stm32l0xx_hal_rcc_ex.o
                0x080053ec                HAL_RCCEx_PeriphCLKConfig
 .text.UART_EndRxTransfer
                0x0800567c       0x24 Drivers\STM32L0xx_HAL_Driver\Src\stm32l0xx_hal_uart.o
 .text.UART_TxISR_16BIT
                0x080056a0       0x3e Drivers\STM32L0xx_HAL_Driver\Src\stm32l0xx_hal_uart.o
 .text.UART_TxISR_8BIT
                0x080056de       0x3a Drivers\STM32L0xx_HAL_Driver\Src\stm32l0xx_hal_uart.o
 .text.HAL_UART_Transmit_IT
                0x08005718       0x7c Drivers\STM32L0xx_HAL_Driver\Src\stm32l0xx_hal_uart.o
                0x08005718                HAL_UART_Transmit_IT
 .text.HAL_UART_Receive_IT
                0x08005794       0xc8 Drivers\STM32L0xx_HAL_Driver\Src\stm32l0xx_hal_uart.o
                0x08005794                HAL_UART_Receive_IT
 .text.UART_RxISR_8BIT
                0x0800585c       0x60 Drivers\STM32L0xx_HAL_Driver\Src\stm32l0xx_hal_uart.o
 .text.UART_RxISR_16BIT
                0x080058bc       0x5c Drivers\STM32L0xx_HAL_Driver\Src\stm32l0xx_hal_uart.o
 .text.HAL_UART_ErrorCallback
                0x08005918        0x2 Drivers\STM32L0xx_HAL_Driver\Src\stm32l0xx_hal_uart.o
                0x08005918                HAL_UART_ErrorCallback
 *fill*         0x0800591a        0x2 
 .text.HAL_UART_IRQHandler
                0x0800591c      0x138 Drivers\STM32L0xx_HAL_Driver\Src\stm32l0xx_hal_uart.o
                0x0800591c                HAL_UART_IRQHandler
 .text.UART_DMAAbortOnError
                0x08005a54       0x16 Drivers\STM32L0xx_HAL_Driver\Src\stm32l0xx_hal_uart.o
 *fill*         0x08005a6a        0x2 
 .text.UART_SetConfig
                0x08005a6c      0x348 Drivers\STM32L0xx_HAL_Driver\Src\stm32l0xx_hal_uart.o
                0x08005a6c                UART_SetConfig
 .text.UART_AdvFeatureConfig
                0x08005db4      0x1bc Drivers\STM32L0xx_HAL_Driver\Src\stm32l0xx_hal_uart.o
                0x08005db4                UART_AdvFeatureConfig
 .text.UART_WaitOnFlagUntilTimeout
                0x08005f70       0x5c Drivers\STM32L0xx_HAL_Driver\Src\stm32l0xx_hal_uart.o
                0x08005f70                UART_WaitOnFlagUntilTimeout
 .text.HAL_UART_Transmit
                0x08005fcc       0xd2 Drivers\STM32L0xx_HAL_Driver\Src\stm32l0xx_hal_uart.o
                0x08005fcc                HAL_UART_Transmit
 *fill*         0x0800609e        0x2 
 .text.HAL_UART_Receive
                0x080060a0      0x108 Drivers\STM32L0xx_HAL_Driver\Src\stm32l0xx_hal_uart.o
                0x080060a0                HAL_UART_Receive
 .text.UART_CheckIdleState
                0x080061a8       0x60 Drivers\STM32L0xx_HAL_Driver\Src\stm32l0xx_hal_uart.o
                0x080061a8                UART_CheckIdleState
 .text.HAL_UART_Init
                0x08006208       0xd0 Drivers\STM32L0xx_HAL_Driver\Src\stm32l0xx_hal_uart.o
                0x08006208                HAL_UART_Init
 .text.HAL_UARTEx_WakeupCallback
                0x080062d8        0x2 Drivers\STM32L0xx_HAL_Driver\Src\stm32l0xx_hal_uart_ex.o
                0x080062d8                HAL_UARTEx_WakeupCallback
 .text.find_between
                0x080062da       0x4c Src\encoder.o
                0x080062da                find_between
 *fill*         0x08006326        0x2 
 .text.HAL_UART_RxCpltCallback
                0x08006328       0x68 Src\gprs.o
                0x08006328                HAL_UART_RxCpltCallback
 .text.fn_init_gps
                0x08006390       0x2c Src\gps.o
                0x08006390                fn_init_gps
 .text.fn_get_gps
                0x080063bc      0x238 Src\gps.o
                0x080063bc                fn_get_gps
 .text.platform_write
                0x080065f4       0x24 Src\lsm303ah_reg.o
                0x080065f4                platform_write
 .text.platform_read
                0x08006618       0x24 Src\lsm303ah_reg.o
                0x08006618                platform_read
 .text.lsm303ah_read_reg
                0x0800663c        0xa Src\lsm303ah_reg.o
                0x0800663c                lsm303ah_read_reg
 .text.lsm303ah_write_reg
                0x08006646        0xa Src\lsm303ah_reg.o
                0x08006646                lsm303ah_write_reg
 .text.lsm303ah_xl_block_data_update_set
                0x08006650       0x2e Src\lsm303ah_reg.o
                0x08006650                lsm303ah_xl_block_data_update_set
 .text.lsm303ah_mg_block_data_update_set
                0x0800667e       0x32 Src\lsm303ah_reg.o
                0x0800667e                lsm303ah_mg_block_data_update_set
 .text.lsm303ah_xl_full_scale_set
                0x080066b0       0x34 Src\lsm303ah_reg.o
                0x080066b0                lsm303ah_xl_full_scale_set
 .text.lsm303ah_xl_data_rate_set
                0x080066e4       0x3c Src\lsm303ah_reg.o
                0x080066e4                lsm303ah_xl_data_rate_set
 .text.lsm303ah_xl_status_reg_get
                0x08006720        0xe Src\lsm303ah_reg.o
                0x08006720                lsm303ah_xl_status_reg_get
 .text.lsm303ah_mg_status_get
                0x0800672e        0xe Src\lsm303ah_reg.o
                0x0800672e                lsm303ah_mg_status_get
 .text.lsm303ah_mg_operating_mode_set
                0x0800673c       0x30 Src\lsm303ah_reg.o
                0x0800673c                lsm303ah_mg_operating_mode_set
 .text.lsm303ah_mg_data_rate_set
                0x0800676c       0x34 Src\lsm303ah_reg.o
                0x0800676c                lsm303ah_mg_data_rate_set
 .text.lsm303ah_mg_offset_temp_comp_set
                0x080067a0       0x30 Src\lsm303ah_reg.o
                0x080067a0                lsm303ah_mg_offset_temp_comp_set
 .text.lsm303ah_mg_set_rst_mode_set
                0x080067d0       0x34 Src\lsm303ah_reg.o
                0x080067d0                lsm303ah_mg_set_rst_mode_set
 .text.lsm303ah_acceleration_raw_get
                0x08006804        0xe Src\lsm303ah_reg.o
                0x08006804                lsm303ah_acceleration_raw_get
 .text.lsm303ah_magnetic_raw_get
                0x08006812        0xe Src\lsm303ah_reg.o
                0x08006812                lsm303ah_magnetic_raw_get
 .text.fn_get_lsm303ah
                0x08006820      0x29c Src\lsm303ah_reg.o
                0x08006820                fn_get_lsm303ah
 .text.lsm303ah_xl_device_id_get
                0x08006abc        0xe Src\lsm303ah_reg.o
                0x08006abc                lsm303ah_xl_device_id_get
 .text.lsm303ah_mg_device_id_get
                0x08006aca        0xe Src\lsm303ah_reg.o
                0x08006aca                lsm303ah_mg_device_id_get
 .text.lsm303ah_xl_reset_set
                0x08006ad8       0x32 Src\lsm303ah_reg.o
                0x08006ad8                lsm303ah_xl_reset_set
 .text.lsm303ah_xl_reset_get
                0x08006b0a       0x1a Src\lsm303ah_reg.o
                0x08006b0a                lsm303ah_xl_reset_get
 .text.lsm303ah_mg_reset_set
                0x08006b24       0x32 Src\lsm303ah_reg.o
                0x08006b24                lsm303ah_mg_reset_set
 .text.lsm303ah_mg_reset_get
                0x08006b56       0x1a Src\lsm303ah_reg.o
                0x08006b56                lsm303ah_mg_reset_get
 .text.fn_init_lsm303ah
                0x08006b70       0xc4 Src\lsm303ah_reg.o
                0x08006b70                fn_init_lsm303ah
 .text.SystemClock_Config
                0x08006c34       0x7c Src\main.o
                0x08006c34                SystemClock_Config
 .text.blink    0x08006cb0       0x38 Src\main.o
                0x08006cb0                blink
 .text.fn_fprint
                0x08006ce8       0x48 Src\main.o
                0x08006ce8                fn_fprint
 .text.startup.main
                0x08006d30      0x330 Src\main.o
                0x08006d30                main
 .text.HAL_UART_TxCpltCallback
                0x08007060        0xc Src\main.o
                0x08007060                HAL_UART_TxCpltCallback
 .text.get_temp
                0x0800706c       0x4c Src\main.o
                0x0800706c                get_temp
 .text.fn_get_stm32_temperature
                0x080070b8       0x30 Src\main.o
                0x080070b8                fn_get_stm32_temperature
 .text.fn_get_stm32_volts
                0x080070e8       0x30 Src\main.o
                0x080070e8                fn_get_stm32_volts
 .text.Error_Handler
                0x08007118        0x2 Src\main.o
                0x08007118                Error_Handler
 .text.assert_failed
                0x0800711a        0x2 Src\main.o
                0x0800711a                assert_failed
 .text.insertionSort
                0x0800711c       0x5e Src\sen031x.o
                0x0800711c                insertionSort
 *fill*         0x0800717a        0x2 
 .text.fn_get_sen031x
                0x0800717c       0xc0 Src\sen031x.o
                0x0800717c                fn_get_sen031x
 .text.fn_init_sensors
                0x0800723c       0x28 Src\sensors.o
                0x0800723c                fn_init_sensors
 .text.fn_get_angle_value
                0x08007264       0x28 Src\sensors.o
                0x08007264                fn_get_angle_value
 .text.fn_get_volume_value
                0x0800728c       0x20 Src\sensors.o
                0x0800728c                fn_get_volume_value
 .text.fn_get_latitude_value
                0x080072ac       0x14 Src\sensors.o
                0x080072ac                fn_get_latitude_value
 .text.fn_get_longitude_value
                0x080072c0       0x14 Src\sensors.o
                0x080072c0                fn_get_longitude_value
 .text.fn_get_lat_lon_values
                0x080072d4       0x10 Src\sensors.o
                0x080072d4                fn_get_lat_lon_values
 .text.fn_get_temperature_value
                0x080072e4       0x7c Src\sensors.o
                0x080072e4                fn_get_temperature_value
 .text.fn_get_battery_value
                0x08007360       0x64 Src\sensors.o
                0x08007360                fn_get_battery_value
 .text.fn_get_sensors_values
                0x080073c4       0x40 Src\sensors.o
                0x080073c4                fn_get_sensors_values
 .text.fn_init_sigfox
                0x08007404       0xb4 Src\sigfox.o
                0x08007404                fn_init_sigfox
 .text.fn_get_id_sigfox
                0x080074b8       0x58 Src\sigfox.o
                0x080074b8                fn_get_id_sigfox
 .text.fn_get_pac_sigfox
                0x08007510       0x58 Src\sigfox.o
                0x08007510                fn_get_pac_sigfox
 .text.fn_at_sigfox
                0x08007568       0x30 Src\sigfox.o
                0x08007568                fn_at_sigfox
 .text.fn_get_volt_sigfox
                0x08007598       0x64 Src\sigfox.o
                0x08007598                fn_get_volt_sigfox
 .text.fn_get_temperature_sigfox
                0x080075fc       0x58 Src\sigfox.o
                0x080075fc                fn_get_temperature_sigfox
 .text.fn_info_sigfox
                0x08007654      0x108 Src\sigfox.o
                0x08007654                fn_info_sigfox
 .text.HAL_MspInit
                0x0800775c       0x1c Src\stm32l0xx_hal_msp.o
                0x0800775c                HAL_MspInit
 .text.HAL_ADC_MspInit
                0x08007778       0xa0 Src\stm32l0xx_hal_msp.o
                0x08007778                HAL_ADC_MspInit
 .text.HAL_I2C_MspInit
                0x08007818       0x64 Src\stm32l0xx_hal_msp.o
                0x08007818                HAL_I2C_MspInit
 .text.HAL_UART_MspInit
                0x0800787c      0x188 Src\stm32l0xx_hal_msp.o
                0x0800787c                HAL_UART_MspInit
 .text.NMI_Handler
                0x08007a04        0x2 Src\stm32l0xx_it.o
                0x08007a04                NMI_Handler
 .text.HardFault_Handler
                0x08007a06        0x2 Src\stm32l0xx_it.o
                0x08007a06                HardFault_Handler
 .text.SVC_Handler
                0x08007a08        0x2 Src\stm32l0xx_it.o
                0x08007a08                SVC_Handler
 .text.PendSV_Handler
                0x08007a0a        0x2 Src\stm32l0xx_it.o
                0x08007a0a                PendSV_Handler
 .text.SysTick_Handler
                0x08007a0c        0x8 Src\stm32l0xx_it.o
                0x08007a0c                SysTick_Handler
 .text.DMA1_Channel1_IRQHandler
                0x08007a14       0x10 Src\stm32l0xx_it.o
                0x08007a14                DMA1_Channel1_IRQHandler
 .text.ADC1_COMP_IRQHandler
                0x08007a24       0x10 Src\stm32l0xx_it.o
                0x08007a24                ADC1_COMP_IRQHandler
 .text.USART4_5_IRQHandler
                0x08007a34       0x18 Src\stm32l0xx_it.o
                0x08007a34                USART4_5_IRQHandler
 .text.USART1_IRQHandler
                0x08007a4c       0x10 Src\stm32l0xx_it.o
                0x08007a4c                USART1_IRQHandler
 .text.USART2_IRQHandler
                0x08007a5c       0x10 Src\stm32l0xx_it.o
                0x08007a5c                USART2_IRQHandler
 .text.RNG_LPUART1_IRQHandler
                0x08007a6c       0x10 Src\stm32l0xx_it.o
                0x08007a6c                RNG_LPUART1_IRQHandler
 .text._sbrk    0x08007a7c       0x34 Src\syscalls.o
                0x08007a7c                _sbrk
 .text.SystemInit
                0x08007ab0       0x5c Src\system_stm32l0xx.o
                0x08007ab0                SystemInit
 .text.Reset_Handler
                0x08007b0c       0x50 startup\startup_stm32l072xx.o
                0x08007b0c                Reset_Handler
 .text.Default_Handler
                0x08007b5c        0x2 startup\startup_stm32l072xx.o
                0x08007b5c                TSC_IRQHandler
                0x08007b5c                PVD_IRQHandler
                0x08007b5c                I2C1_IRQHandler
                0x08007b5c                RCC_CRS_IRQHandler
                0x08007b5c                SPI1_IRQHandler
                0x08007b5c                TIM6_DAC_IRQHandler
                0x08007b5c                EXTI2_3_IRQHandler
                0x08007b5c                I2C2_IRQHandler
                0x08007b5c                RTC_IRQHandler
                0x08007b5c                DMA1_Channel4_5_6_7_IRQHandler
                0x08007b5c                TIM3_IRQHandler
                0x08007b5c                EXTI4_15_IRQHandler
                0x08007b5c                Default_Handler
                0x08007b5c                TIM22_IRQHandler
                0x08007b5c                TIM7_IRQHandler
                0x08007b5c                EXTI0_1_IRQHandler
                0x08007b5c                USB_IRQHandler
                0x08007b5c                I2C3_IRQHandler
                0x08007b5c                SPI2_IRQHandler
                0x08007b5c                TIM21_IRQHandler
                0x08007b5c                WWDG_IRQHandler
                0x08007b5c                TIM2_IRQHandler
                0x08007b5c                DMA1_Channel2_3_IRQHandler
                0x08007b5c                FLASH_IRQHandler
                0x08007b5c                LPTIM1_IRQHandler
 .text.atof     0x08007b5e        0xa c:/program files (x86)/atollic/truestudio for stm32 9.3.0/armtools/bin/../lib/gcc/arm-atollic-eabi/6.3.1/../../../../arm-atollic-eabi/lib/armv6-m\libc_nano.a(lib_a-atof.o)
                0x08007b5e                atof
 .text.atoi     0x08007b68        0xc c:/program files (x86)/atollic/truestudio for stm32 9.3.0/armtools/bin/../lib/gcc/arm-atollic-eabi/6.3.1/../../../../arm-atollic-eabi/lib/armv6-m\libc_nano.a(lib_a-atoi.o)
                0x08007b68                atoi
 .text.__errno  0x08007b74        0xc c:/program files (x86)/atollic/truestudio for stm32 9.3.0/armtools/bin/../lib/gcc/arm-atollic-eabi/6.3.1/../../../../arm-atollic-eabi/lib/armv6-m\libc_nano.a(lib_a-errno.o)
                0x08007b74                __errno
 .text.__libc_init_array
                0x08007b80       0x48 c:/program files (x86)/atollic/truestudio for stm32 9.3.0/armtools/bin/../lib/gcc/arm-atollic-eabi/6.3.1/../../../../arm-atollic-eabi/lib/armv6-m\libc_nano.a(lib_a-init.o)
                0x08007b80                __libc_init_array
 .text.malloc   0x08007bc8       0x14 c:/program files (x86)/atollic/truestudio for stm32 9.3.0/armtools/bin/../lib/gcc/arm-atollic-eabi/6.3.1/../../../../arm-atollic-eabi/lib/armv6-m\libc_nano.a(lib_a-malloc.o)
                0x08007bc8                malloc
 .text.free     0x08007bdc       0x14 c:/program files (x86)/atollic/truestudio for stm32 9.3.0/armtools/bin/../lib/gcc/arm-atollic-eabi/6.3.1/../../../../arm-atollic-eabi/lib/armv6-m\libc_nano.a(lib_a-malloc.o)
                0x08007bdc                free
 .text.memcpy   0x08007bf0       0x12 c:/program files (x86)/atollic/truestudio for stm32 9.3.0/armtools/bin/../lib/gcc/arm-atollic-eabi/6.3.1/../../../../arm-atollic-eabi/lib/armv6-m\libc_nano.a(lib_a-memcpy-stub.o)
                0x08007bf0                memcpy
 .text.memset   0x08007c02       0x10 c:/program files (x86)/atollic/truestudio for stm32 9.3.0/armtools/bin/../lib/gcc/arm-atollic-eabi/6.3.1/../../../../arm-atollic-eabi/lib/armv6-m\libc_nano.a(lib_a-memset.o)
                0x08007c02                memset
 *fill*         0x08007c12        0x2 
 .text._free_r  0x08007c14       0x94 c:/program files (x86)/atollic/truestudio for stm32 9.3.0/armtools/bin/../lib/gcc/arm-atollic-eabi/6.3.1/../../../../arm-atollic-eabi/lib/armv6-m\libc_nano.a(lib_a-nano-freer.o)
                0x08007c14                _free_r
 .text._malloc_r
                0x08007ca8       0xbc c:/program files (x86)/atollic/truestudio for stm32 9.3.0/armtools/bin/../lib/gcc/arm-atollic-eabi/6.3.1/../../../../arm-atollic-eabi/lib/armv6-m\libc_nano.a(lib_a-nano-mallocr.o)
                0x08007ca8                _malloc_r
 .text._sbrk_r  0x08007d64       0x24 c:/program files (x86)/atollic/truestudio for stm32 9.3.0/armtools/bin/../lib/gcc/arm-atollic-eabi/6.3.1/../../../../arm-atollic-eabi/lib/armv6-m\libc_nano.a(lib_a-sbrkr.o)
                0x08007d64                _sbrk_r
 .text.strcpy   0x08007d88       0x10 c:/program files (x86)/atollic/truestudio for stm32 9.3.0/armtools/bin/../lib/gcc/arm-atollic-eabi/6.3.1/../../../../arm-atollic-eabi/lib/armv6-m\libc_nano.a(lib_a-strcpy.o)
                0x08007d88                strcpy
 .text.strstr   0x08007d98       0x30 c:/program files (x86)/atollic/truestudio for stm32 9.3.0/armtools/bin/../lib/gcc/arm-atollic-eabi/6.3.1/../../../../arm-atollic-eabi/lib/armv6-m\libc_nano.a(lib_a-strstr.o)
                0x08007d98                strstr
 .text.unlikely.sulp
                0x08007dc8       0x30 c:/program files (x86)/atollic/truestudio for stm32 9.3.0/armtools/bin/../lib/gcc/arm-atollic-eabi/6.3.1/../../../../arm-atollic-eabi/lib/armv6-m\libc_nano.a(lib_a-strtod.o)
 .text._strtod_l
                0x08007df8      0xc10 c:/program files (x86)/atollic/truestudio for stm32 9.3.0/armtools/bin/../lib/gcc/arm-atollic-eabi/6.3.1/../../../../arm-atollic-eabi/lib/armv6-m\libc_nano.a(lib_a-strtod.o)
                0x08007df8                _strtod_l
 .text.strtod   0x08008a08       0x24 c:/program files (x86)/atollic/truestudio for stm32 9.3.0/armtools/bin/../lib/gcc/arm-atollic-eabi/6.3.1/../../../../arm-atollic-eabi/lib/armv6-m\libc_nano.a(lib_a-strtod.o)
                0x08008a08                strtod
 .text.strtok   0x08008a2c       0x50 c:/program files (x86)/atollic/truestudio for stm32 9.3.0/armtools/bin/../lib/gcc/arm-atollic-eabi/6.3.1/../../../../arm-atollic-eabi/lib/armv6-m\libc_nano.a(lib_a-strtok.o)
                0x08008a2c                strtok
 .text.__strtok_r
                0x08008a7c       0x5c c:/program files (x86)/atollic/truestudio for stm32 9.3.0/armtools/bin/../lib/gcc/arm-atollic-eabi/6.3.1/../../../../arm-atollic-eabi/lib/armv6-m\libc_nano.a(lib_a-strtok_r.o)
                0x08008a7c                __strtok_r
 .text._strtol_l.isra.0
                0x08008ad8      0x10c c:/program files (x86)/atollic/truestudio for stm32 9.3.0/armtools/bin/../lib/gcc/arm-atollic-eabi/6.3.1/../../../../arm-atollic-eabi/lib/armv6-m\libc_nano.a(lib_a-strtol.o)
 .text.strtol   0x08008be4       0x28 c:/program files (x86)/atollic/truestudio for stm32 9.3.0/armtools/bin/../lib/gcc/arm-atollic-eabi/6.3.1/../../../../arm-atollic-eabi/lib/armv6-m\libc_nano.a(lib_a-strtol.o)
                0x08008be4                strtol
 .text.rshift   0x08008c0c       0x64 c:/program files (x86)/atollic/truestudio for stm32 9.3.0/armtools/bin/../lib/gcc/arm-atollic-eabi/6.3.1/../../../../arm-atollic-eabi/lib/armv6-m\libc_nano.a(lib_a-gdtoa-gethex.o)
 .text.__hexdig_fun
                0x08008c70       0x2a c:/program files (x86)/atollic/truestudio for stm32 9.3.0/armtools/bin/../lib/gcc/arm-atollic-eabi/6.3.1/../../../../arm-atollic-eabi/lib/armv6-m\libc_nano.a(lib_a-gdtoa-gethex.o)
                0x08008c70                __hexdig_fun
 .text.__gethex
                0x08008c9a      0x450 c:/program files (x86)/atollic/truestudio for stm32 9.3.0/armtools/bin/../lib/gcc/arm-atollic-eabi/6.3.1/../../../../arm-atollic-eabi/lib/armv6-m\libc_nano.a(lib_a-gdtoa-gethex.o)
                0x08008c9a                __gethex
 .text.L_shift  0x080090ea       0x22 c:/program files (x86)/atollic/truestudio for stm32 9.3.0/armtools/bin/../lib/gcc/arm-atollic-eabi/6.3.1/../../../../arm-atollic-eabi/lib/armv6-m\libc_nano.a(lib_a-gdtoa-hexnan.o)
 .text.__match  0x0800910c       0x28 c:/program files (x86)/atollic/truestudio for stm32 9.3.0/armtools/bin/../lib/gcc/arm-atollic-eabi/6.3.1/../../../../arm-atollic-eabi/lib/armv6-m\libc_nano.a(lib_a-gdtoa-hexnan.o)
                0x0800910c                __match
 .text.__hexnan
                0x08009134      0x12e c:/program files (x86)/atollic/truestudio for stm32 9.3.0/armtools/bin/../lib/gcc/arm-atollic-eabi/6.3.1/../../../../arm-atollic-eabi/lib/armv6-m\libc_nano.a(lib_a-gdtoa-hexnan.o)
                0x08009134                __hexnan
 .text.__locale_ctype_ptr_l
                0x08009262        0x6 c:/program files (x86)/atollic/truestudio for stm32 9.3.0/armtools/bin/../lib/gcc/arm-atollic-eabi/6.3.1/../../../../arm-atollic-eabi/lib/armv6-m\libc_nano.a(lib_a-locale.o)
                0x08009262                __locale_ctype_ptr_l
 .text.__localeconv_l
                0x08009268        0x4 c:/program files (x86)/atollic/truestudio for stm32 9.3.0/armtools/bin/../lib/gcc/arm-atollic-eabi/6.3.1/../../../../arm-atollic-eabi/lib/armv6-m\libc_nano.a(lib_a-localeconv.o)
                0x08009268                __localeconv_l
 .text.__ascii_mbtowc
                0x0800926c       0x24 c:/program files (x86)/atollic/truestudio for stm32 9.3.0/armtools/bin/../lib/gcc/arm-atollic-eabi/6.3.1/../../../../arm-atollic-eabi/lib/armv6-m\libc_nano.a(lib_a-mbtowc_r.o)
                0x0800926c                __ascii_mbtowc
 .text.__malloc_lock
                0x08009290        0x2 c:/program files (x86)/atollic/truestudio for stm32 9.3.0/armtools/bin/../lib/gcc/arm-atollic-eabi/6.3.1/../../../../arm-atollic-eabi/lib/armv6-m\libc_nano.a(lib_a-mlock.o)
                0x08009290                __malloc_lock
 .text.__malloc_unlock
                0x08009292        0x2 c:/program files (x86)/atollic/truestudio for stm32 9.3.0/armtools/bin/../lib/gcc/arm-atollic-eabi/6.3.1/../../../../arm-atollic-eabi/lib/armv6-m\libc_nano.a(lib_a-mlock.o)
                0x08009292                __malloc_unlock
 .text._Balloc  0x08009294       0x70 c:/program files (x86)/atollic/truestudio for stm32 9.3.0/armtools/bin/../lib/gcc/arm-atollic-eabi/6.3.1/../../../../arm-atollic-eabi/lib/armv6-m\libc_nano.a(lib_a-mprec.o)
                0x08009294                _Balloc
 .text._Bfree   0x08009304       0x32 c:/program files (x86)/atollic/truestudio for stm32 9.3.0/armtools/bin/../lib/gcc/arm-atollic-eabi/6.3.1/../../../../arm-atollic-eabi/lib/armv6-m\libc_nano.a(lib_a-mprec.o)
                0x08009304                _Bfree
 .text.__multadd
                0x08009336       0x78 c:/program files (x86)/atollic/truestudio for stm32 9.3.0/armtools/bin/../lib/gcc/arm-atollic-eabi/6.3.1/../../../../arm-atollic-eabi/lib/armv6-m\libc_nano.a(lib_a-mprec.o)
                0x08009336                __multadd
 .text.__s2b    0x080093ae       0x7e c:/program files (x86)/atollic/truestudio for stm32 9.3.0/armtools/bin/../lib/gcc/arm-atollic-eabi/6.3.1/../../../../arm-atollic-eabi/lib/armv6-m\libc_nano.a(lib_a-mprec.o)
                0x080093ae                __s2b
 .text.__hi0bits
                0x0800942c       0x34 c:/program files (x86)/atollic/truestudio for stm32 9.3.0/armtools/bin/../lib/gcc/arm-atollic-eabi/6.3.1/../../../../arm-atollic-eabi/lib/armv6-m\libc_nano.a(lib_a-mprec.o)
                0x0800942c                __hi0bits
 .text.__lo0bits
                0x08009460       0x5e c:/program files (x86)/atollic/truestudio for stm32 9.3.0/armtools/bin/../lib/gcc/arm-atollic-eabi/6.3.1/../../../../arm-atollic-eabi/lib/armv6-m\libc_nano.a(lib_a-mprec.o)
                0x08009460                __lo0bits
 .text.__i2b    0x080094be       0x12 c:/program files (x86)/atollic/truestudio for stm32 9.3.0/armtools/bin/../lib/gcc/arm-atollic-eabi/6.3.1/../../../../arm-atollic-eabi/lib/armv6-m\libc_nano.a(lib_a-mprec.o)
                0x080094be                __i2b
 .text.__multiply
                0x080094d0      0x11e c:/program files (x86)/atollic/truestudio for stm32 9.3.0/armtools/bin/../lib/gcc/arm-atollic-eabi/6.3.1/../../../../arm-atollic-eabi/lib/armv6-m\libc_nano.a(lib_a-mprec.o)
                0x080094d0                __multiply
 *fill*         0x080095ee        0x2 
 .text.__pow5mult
                0x080095f0       0xa4 c:/program files (x86)/atollic/truestudio for stm32 9.3.0/armtools/bin/../lib/gcc/arm-atollic-eabi/6.3.1/../../../../arm-atollic-eabi/lib/armv6-m\libc_nano.a(lib_a-mprec.o)
                0x080095f0                __pow5mult
 .text.__lshift
                0x08009694       0xa2 c:/program files (x86)/atollic/truestudio for stm32 9.3.0/armtools/bin/../lib/gcc/arm-atollic-eabi/6.3.1/../../../../arm-atollic-eabi/lib/armv6-m\libc_nano.a(lib_a-mprec.o)
                0x08009694                __lshift
 .text.__mcmp   0x08009736       0x32 c:/program files (x86)/atollic/truestudio for stm32 9.3.0/armtools/bin/../lib/gcc/arm-atollic-eabi/6.3.1/../../../../arm-atollic-eabi/lib/armv6-m\libc_nano.a(lib_a-mprec.o)
                0x08009736                __mcmp
 .text.__mdiff  0x08009768       0xc8 c:/program files (x86)/atollic/truestudio for stm32 9.3.0/armtools/bin/../lib/gcc/arm-atollic-eabi/6.3.1/../../../../arm-atollic-eabi/lib/armv6-m\libc_nano.a(lib_a-mprec.o)
                0x08009768                __mdiff
 .text.__ulp    0x08009830       0x4c c:/program files (x86)/atollic/truestudio for stm32 9.3.0/armtools/bin/../lib/gcc/arm-atollic-eabi/6.3.1/../../../../arm-atollic-eabi/lib/armv6-m\libc_nano.a(lib_a-mprec.o)
                0x08009830                __ulp
 .text.__b2d    0x0800987c       0x98 c:/program files (x86)/atollic/truestudio for stm32 9.3.0/armtools/bin/../lib/gcc/arm-atollic-eabi/6.3.1/../../../../arm-atollic-eabi/lib/armv6-m\libc_nano.a(lib_a-mprec.o)
                0x0800987c                __b2d
 .text.__d2b    0x08009914       0xa8 c:/program files (x86)/atollic/truestudio for stm32 9.3.0/armtools/bin/../lib/gcc/arm-atollic-eabi/6.3.1/../../../../arm-atollic-eabi/lib/armv6-m\libc_nano.a(lib_a-mprec.o)
                0x08009914                __d2b
 .text.__ratio  0x080099bc       0x4e c:/program files (x86)/atollic/truestudio for stm32 9.3.0/armtools/bin/../lib/gcc/arm-atollic-eabi/6.3.1/../../../../arm-atollic-eabi/lib/armv6-m\libc_nano.a(lib_a-mprec.o)
                0x080099bc                __ratio
 .text.__copybits
                0x08009a0a       0x2c c:/program files (x86)/atollic/truestudio for stm32 9.3.0/armtools/bin/../lib/gcc/arm-atollic-eabi/6.3.1/../../../../arm-atollic-eabi/lib/armv6-m\libc_nano.a(lib_a-mprec.o)
                0x08009a0a                __copybits
 .text.__any_on
                0x08009a36       0x44 c:/program files (x86)/atollic/truestudio for stm32 9.3.0/armtools/bin/../lib/gcc/arm-atollic-eabi/6.3.1/../../../../arm-atollic-eabi/lib/armv6-m\libc_nano.a(lib_a-mprec.o)
                0x08009a36                __any_on
 .text._calloc_r
                0x08009a7a       0x1c c:/program files (x86)/atollic/truestudio for stm32 9.3.0/armtools/bin/../lib/gcc/arm-atollic-eabi/6.3.1/../../../../arm-atollic-eabi/lib/armv6-m\libc_nano.a(lib_a-nano-callocr.o)
                0x08009a7a                _calloc_r
 .text.strncmp  0x08009a96       0x22 c:/program files (x86)/atollic/truestudio for stm32 9.3.0/armtools/bin/../lib/gcc/arm-atollic-eabi/6.3.1/../../../../arm-atollic-eabi/lib/armv6-m\libc_nano.a(lib_a-strncmp.o)
                0x08009a96                strncmp
 .text.__ascii_wctomb
                0x08009ab8       0x18 c:/program files (x86)/atollic/truestudio for stm32 9.3.0/armtools/bin/../lib/gcc/arm-atollic-eabi/6.3.1/../../../../arm-atollic-eabi/lib/armv6-m\libc_nano.a(lib_a-wctomb_r.o)
                0x08009ab8                __ascii_wctomb
 .text.atan2    0x08009ad0        0x8 c:/program files (x86)/atollic/truestudio for stm32 9.3.0/armtools/bin/../lib/gcc/arm-atollic-eabi/6.3.1/../../../../arm-atollic-eabi/lib/armv6-m\libm.a(lib_a-w_atan2.o)
                0x08009ad0                atan2
 .text.sqrt     0x08009ad8       0xb4 c:/program files (x86)/atollic/truestudio for stm32 9.3.0/armtools/bin/../lib/gcc/arm-atollic-eabi/6.3.1/../../../../arm-atollic-eabi/lib/armv6-m\libm.a(lib_a-w_sqrt.o)
                0x08009ad8                sqrt
 .text.__ieee754_atan2
                0x08009b8c      0x164 c:/program files (x86)/atollic/truestudio for stm32 9.3.0/armtools/bin/../lib/gcc/arm-atollic-eabi/6.3.1/../../../../arm-atollic-eabi/lib/armv6-m\libm.a(lib_a-e_atan2.o)
                0x08009b8c                __ieee754_atan2
 .text.__ieee754_sqrt
                0x08009cf0      0x160 c:/program files (x86)/atollic/truestudio for stm32 9.3.0/armtools/bin/../lib/gcc/arm-atollic-eabi/6.3.1/../../../../arm-atollic-eabi/lib/armv6-m\libm.a(lib_a-e_sqrt.o)
                0x08009cf0                __ieee754_sqrt
 .text.atan     0x08009e50      0x310 c:/program files (x86)/atollic/truestudio for stm32 9.3.0/armtools/bin/../lib/gcc/arm-atollic-eabi/6.3.1/../../../../arm-atollic-eabi/lib/armv6-m\libm.a(lib_a-s_atan.o)
                0x08009e50                atan
 .text.fabs     0x0800a160        0x8 c:/program files (x86)/atollic/truestudio for stm32 9.3.0/armtools/bin/../lib/gcc/arm-atollic-eabi/6.3.1/../../../../arm-atollic-eabi/lib/armv6-m\libm.a(lib_a-s_fabs.o)
                0x0800a160                fabs
 .text.matherr  0x0800a168        0x4 c:/program files (x86)/atollic/truestudio for stm32 9.3.0/armtools/bin/../lib/gcc/arm-atollic-eabi/6.3.1/../../../../arm-atollic-eabi/lib/armv6-m\libm.a(lib_a-s_matherr.o)
                0x0800a168                matherr
 *(.glue_7)
 .glue_7        0x0800a16c        0x0 linker stubs
 *(.glue_7t)
 .glue_7t       0x0800a16c        0x0 linker stubs
 *(.eh_frame)
 .eh_frame      0x0800a16c        0x0 c:/program files (x86)/atollic/truestudio for stm32 9.3.0/armtools/bin/../lib/gcc/arm-atollic-eabi/6.3.1/armv6-m/crtbegin.o
 *(.init)
 .init          0x0800a16c        0x4 c:/program files (x86)/atollic/truestudio for stm32 9.3.0/armtools/bin/../lib/gcc/arm-atollic-eabi/6.3.1/armv6-m/crti.o
                0x0800a16c                _init
 .init          0x0800a170        0x8 c:/program files (x86)/atollic/truestudio for stm32 9.3.0/armtools/bin/../lib/gcc/arm-atollic-eabi/6.3.1/armv6-m/crtn.o
 *(.fini)
 .fini          0x0800a178        0x4 c:/program files (x86)/atollic/truestudio for stm32 9.3.0/armtools/bin/../lib/gcc/arm-atollic-eabi/6.3.1/armv6-m/crti.o
                0x0800a178                _fini
 .fini          0x0800a17c        0x8 c:/program files (x86)/atollic/truestudio for stm32 9.3.0/armtools/bin/../lib/gcc/arm-atollic-eabi/6.3.1/armv6-m/crtn.o
                0x0800a184                . = ALIGN (0x4)
                0x0800a184                _etext = .

.vfp11_veneer   0x0800a184        0x0
 .vfp11_veneer  0x0800a184        0x0 linker stubs

.v4_bx          0x0800a184        0x0
 .v4_bx         0x0800a184        0x0 linker stubs

.iplt           0x0800a184        0x0
 .iplt          0x0800a184        0x0 c:/program files (x86)/atollic/truestudio for stm32 9.3.0/armtools/bin/../lib/gcc/arm-atollic-eabi/6.3.1/armv6-m/crtbegin.o

.rodata         0x0800a188      0x6e8
                0x0800a188                . = ALIGN (0x4)
 *(.rodata)
 .rodata        0x0800a188       0x23 Src\sigfox.o
 *fill*         0x0800a1ab        0x1 
 .rodata        0x0800a1ac       0x80 c:/program files (x86)/atollic/truestudio for stm32 9.3.0/armtools/bin/../lib/gcc/arm-atollic-eabi/6.3.1/armv6-m\libgcc.a(divsf3.o)
 .rodata        0x0800a22c       0x40 c:/program files (x86)/atollic/truestudio for stm32 9.3.0/armtools/bin/../lib/gcc/arm-atollic-eabi/6.3.1/armv6-m\libgcc.a(mulsf3.o)
 .rodata        0x0800a26c       0x40 c:/program files (x86)/atollic/truestudio for stm32 9.3.0/armtools/bin/../lib/gcc/arm-atollic-eabi/6.3.1/armv6-m\libgcc.a(divdf3.o)
 .rodata        0x0800a2ac       0x40 c:/program files (x86)/atollic/truestudio for stm32 9.3.0/armtools/bin/../lib/gcc/arm-atollic-eabi/6.3.1/armv6-m\libgcc.a(muldf3.o)
 *(.rodata*)
 .rodata.ADC_ConversionStop.str1.1
                0x0800a2ec       0x38 Drivers\STM32L0xx_HAL_Driver\Src\stm32l0xx_hal_adc.o
 .rodata.HAL_NVIC_SetPriority.str1.1
                0x0800a324       0x3b Drivers\STM32L0xx_HAL_Driver\Src\stm32l0xx_hal_cortex.o
 .rodata.HAL_DMA_Init.str1.1
                0x0800a35f       0x38 Drivers\STM32L0xx_HAL_Driver\Src\stm32l0xx_hal_dma.o
 .rodata.HAL_GPIO_Init.str1.1
                0x0800a397       0x39 Drivers\STM32L0xx_HAL_Driver\Src\stm32l0xx_hal_gpio.o
 .rodata.I2C_TransferConfig.str1.1
                0x0800a3d0       0x38 Drivers\STM32L0xx_HAL_Driver\Src\stm32l0xx_hal_i2c.o
 .rodata.HAL_I2CEx_ConfigAnalogFilter.str1.1
                0x0800a408       0x3b Drivers\STM32L0xx_HAL_Driver\Src\stm32l0xx_hal_i2c_ex.o
 .rodata.HAL_RCC_MCOConfig.str1.1
                0x0800a443       0x38 Drivers\STM32L0xx_HAL_Driver\Src\stm32l0xx_hal_rcc.o
 .rodata.HAL_RCCEx_PeriphCLKConfig.str1.1
                0x0800a47b       0x3b Drivers\STM32L0xx_HAL_Driver\Src\stm32l0xx_hal_rcc_ex.o
 .rodata.CSWTCH.55
                0x0800a4b6        0x4 Drivers\STM32L0xx_HAL_Driver\Src\stm32l0xx_hal_uart.o
 .rodata.CSWTCH.56
                0x0800a4ba        0xd Drivers\STM32L0xx_HAL_Driver\Src\stm32l0xx_hal_uart.o
 .rodata.HAL_UART_DeInit.str1.1
                0x0800a4c7       0x39 Drivers\STM32L0xx_HAL_Driver\Src\stm32l0xx_hal_uart.o
 .rodata.fn_get_gps.str1.1
                0x0800a500        0x9 Src\gps.o
                                  0xd (size before relaxing)
 .rodata.main.str1.1
                0x0800a509       0x10 Src\main.o
 .rodata.fn_get_temperature_sigfox.str1.1
                0x0800a519        0x8 Src\sigfox.o
 .rodata.fn_info_sigfox.str1.1
                0x0800a521       0x3d Src\sigfox.o
 .rodata.fn_init_sigfox.str1.1
                0x0800a55e       0x3d Src\sigfox.o
 .rodata.fn_send_frame_test_sigfox.str1.1
                0x0800a59b       0x3d Src\sigfox.o
                                  0x3 (size before relaxing)
 .rodata.AHBPrescTable
                0x0800a59b       0x10 Src\system_stm32l0xx.o
                0x0800a59b                AHBPrescTable
 .rodata.APBPrescTable
                0x0800a5ab        0x8 Src\system_stm32l0xx.o
                0x0800a5ab                APBPrescTable
 .rodata.PLLMulTable
                0x0800a5b3        0x9 Src\system_stm32l0xx.o
                0x0800a5b3                PLLMulTable
 .rodata._strtod_l.str1.1
                0x0800a5bc        0xc c:/program files (x86)/atollic/truestudio for stm32 9.3.0/armtools/bin/../lib/gcc/arm-atollic-eabi/6.3.1/../../../../arm-atollic-eabi/lib/armv6-m\libc_nano.a(lib_a-strtod.o)
 .rodata.fpi.6134
                0x0800a5c8       0x14 c:/program files (x86)/atollic/truestudio for stm32 9.3.0/armtools/bin/../lib/gcc/arm-atollic-eabi/6.3.1/../../../../arm-atollic-eabi/lib/armv6-m\libc_nano.a(lib_a-strtod.o)
 .rodata.fpinan.6170
                0x0800a5dc       0x14 c:/program files (x86)/atollic/truestudio for stm32 9.3.0/armtools/bin/../lib/gcc/arm-atollic-eabi/6.3.1/../../../../arm-atollic-eabi/lib/armv6-m\libc_nano.a(lib_a-strtod.o)
 .rodata.tinytens
                0x0800a5f0       0x28 c:/program files (x86)/atollic/truestudio for stm32 9.3.0/armtools/bin/../lib/gcc/arm-atollic-eabi/6.3.1/../../../../arm-atollic-eabi/lib/armv6-m\libc_nano.a(lib_a-strtod.o)
 .rodata._setlocale_r.str1.1
                0x0800a618        0x8 c:/program files (x86)/atollic/truestudio for stm32 9.3.0/armtools/bin/../lib/gcc/arm-atollic-eabi/6.3.1/../../../../arm-atollic-eabi/lib/armv6-m\libc_nano.a(lib_a-locale.o)
                                  0x9 (size before relaxing)
 .rodata.str1.1
                0x0800a620        0x2 c:/program files (x86)/atollic/truestudio for stm32 9.3.0/armtools/bin/../lib/gcc/arm-atollic-eabi/6.3.1/../../../../arm-atollic-eabi/lib/armv6-m\libc_nano.a(lib_a-locale.o)
 *fill*         0x0800a622        0x6 
 .rodata.__mprec_bigtens
                0x0800a628       0x28 c:/program files (x86)/atollic/truestudio for stm32 9.3.0/armtools/bin/../lib/gcc/arm-atollic-eabi/6.3.1/../../../../arm-atollic-eabi/lib/armv6-m\libc_nano.a(lib_a-mprec.o)
                0x0800a628                __mprec_bigtens
 .rodata.__mprec_tens
                0x0800a650       0xc8 c:/program files (x86)/atollic/truestudio for stm32 9.3.0/armtools/bin/../lib/gcc/arm-atollic-eabi/6.3.1/../../../../arm-atollic-eabi/lib/armv6-m\libc_nano.a(lib_a-mprec.o)
                0x0800a650                __mprec_tens
 .rodata.p05.6052
                0x0800a718        0xc c:/program files (x86)/atollic/truestudio for stm32 9.3.0/armtools/bin/../lib/gcc/arm-atollic-eabi/6.3.1/../../../../arm-atollic-eabi/lib/armv6-m\libc_nano.a(lib_a-mprec.o)
 .rodata._ctype_
                0x0800a724      0x101 c:/program files (x86)/atollic/truestudio for stm32 9.3.0/armtools/bin/../lib/gcc/arm-atollic-eabi/6.3.1/../../../../arm-atollic-eabi/lib/armv6-m\libc_nano.a(lib_a-ctype_.o)
                0x0800a724                _ctype_
 .rodata.sqrt.str1.1
                0x0800a825        0x5 c:/program files (x86)/atollic/truestudio for stm32 9.3.0/armtools/bin/../lib/gcc/arm-atollic-eabi/6.3.1/../../../../arm-atollic-eabi/lib/armv6-m\libm.a(lib_a-w_sqrt.o)
 *fill*         0x0800a82a        0x6 
 .rodata.atanhi
                0x0800a830       0x20 c:/program files (x86)/atollic/truestudio for stm32 9.3.0/armtools/bin/../lib/gcc/arm-atollic-eabi/6.3.1/../../../../arm-atollic-eabi/lib/armv6-m\libm.a(lib_a-s_atan.o)
 .rodata.atanlo
                0x0800a850       0x20 c:/program files (x86)/atollic/truestudio for stm32 9.3.0/armtools/bin/../lib/gcc/arm-atollic-eabi/6.3.1/../../../../arm-atollic-eabi/lib/armv6-m\libm.a(lib_a-s_atan.o)
                0x0800a870                . = ALIGN (0x4)

.ARM.extab
 *(.ARM.extab* .gnu.linkonce.armextab.*)

.ARM            0x0800a870        0x8
                0x0800a870                __exidx_start = .
 *(.ARM.exidx*)
 .ARM.exidx     0x0800a870        0x8 c:/program files (x86)/atollic/truestudio for stm32 9.3.0/armtools/bin/../lib/gcc/arm-atollic-eabi/6.3.1/armv6-m\libgcc.a(_udivmoddi4.o)
                0x0800a878                __exidx_end = .

.rel.dyn        0x0800a878        0x0
 .rel.iplt      0x0800a878        0x0 c:/program files (x86)/atollic/truestudio for stm32 9.3.0/armtools/bin/../lib/gcc/arm-atollic-eabi/6.3.1/armv6-m/crtbegin.o

.preinit_array  0x0800a878        0x0
                0x0800a878                PROVIDE (__preinit_array_start, .)
 *(.preinit_array*)
                0x0800a878                PROVIDE (__preinit_array_end, .)

.init_array     0x0800a878        0x4
                0x0800a878                PROVIDE (__init_array_start, .)
 *(SORT(.init_array.*))
 *(.init_array*)
 .init_array    0x0800a878        0x4 c:/program files (x86)/atollic/truestudio for stm32 9.3.0/armtools/bin/../lib/gcc/arm-atollic-eabi/6.3.1/armv6-m/crtbegin.o
                0x0800a87c                PROVIDE (__init_array_end, .)

.fini_array     0x0800a87c        0x4
                [!provide]                PROVIDE (__fini_array_start, .)
 *(SORT(.fini_array.*))
 *(.fini_array*)
 .fini_array    0x0800a87c        0x4 c:/program files (x86)/atollic/truestudio for stm32 9.3.0/armtools/bin/../lib/gcc/arm-atollic-eabi/6.3.1/armv6-m/crtbegin.o
                [!provide]                PROVIDE (__fini_array_end, .)
                0x0800a880                _sidata = LOADADDR (.data)

.data           0x20000000      0x1dc load address 0x0800a880
                0x20000000                . = ALIGN (0x4)
                0x20000000                _sdata = .
 *(.data)
 *(.data*)
 .data.bytesToReceive
                0x20000000        0x4 Src\gprs.o
                0x20000000                bytesToReceive
 .data.SystemCoreClock
                0x20000004        0x4 Src\system_stm32l0xx.o
                0x20000004                SystemCoreClock
 .data._impure_ptr
                0x20000008        0x4 c:/program files (x86)/atollic/truestudio for stm32 9.3.0/armtools/bin/../lib/gcc/arm-atollic-eabi/6.3.1/../../../../arm-atollic-eabi/lib/armv6-m\libc_nano.a(lib_a-impure.o)
                0x20000008                _impure_ptr
 .data.impure_data
                0x2000000c       0x60 c:/program files (x86)/atollic/truestudio for stm32 9.3.0/armtools/bin/../lib/gcc/arm-atollic-eabi/6.3.1/../../../../arm-atollic-eabi/lib/armv6-m\libc_nano.a(lib_a-impure.o)
 .data.__global_locale
                0x2000006c      0x16c c:/program files (x86)/atollic/truestudio for stm32 9.3.0/armtools/bin/../lib/gcc/arm-atollic-eabi/6.3.1/../../../../arm-atollic-eabi/lib/armv6-m\libc_nano.a(lib_a-locale.o)
                0x2000006c                __global_locale
 .data.__fdlib_version
                0x200001d8        0x1 c:/program files (x86)/atollic/truestudio for stm32 9.3.0/armtools/bin/../lib/gcc/arm-atollic-eabi/6.3.1/../../../../arm-atollic-eabi/lib/armv6-m\libm.a(lib_a-s_lib_ver.o)
                0x200001d8                __fdlib_version
                0x200001dc                . = ALIGN (0x4)
 *fill*         0x200001d9        0x3 
                0x200001dc                _edata = .

.igot.plt       0x200001dc        0x0 load address 0x0800aa5c
 .igot.plt      0x200001dc        0x0 c:/program files (x86)/atollic/truestudio for stm32 9.3.0/armtools/bin/../lib/gcc/arm-atollic-eabi/6.3.1/armv6-m/crtbegin.o
                0x200001dc                . = ALIGN (0x4)

.bss            0x200001dc      0x8c8 load address 0x0800aa5c
                0x200001dc                _sbss = .
                0x200001dc                __bss_start__ = _sbss
 *(.bss)
 .bss           0x200001dc       0x1c c:/program files (x86)/atollic/truestudio for stm32 9.3.0/armtools/bin/../lib/gcc/arm-atollic-eabi/6.3.1/armv6-m/crtbegin.o
 *(.bss*)
 .bss.acceleration_mg
                0x200001f8        0xc Src\lsm303ah_reg.o
 .bss.data_raw_acceleration
                0x20000204        0x6 Src\lsm303ah_reg.o
 .bss.data_raw_magnetic
                0x2000020a        0x6 Src\lsm303ah_reg.o
 .bss.magnetic_mG
                0x20000210        0xc Src\lsm303ah_reg.o
 .bss.rst       0x2000021c        0x1 Src\lsm303ah_reg.o
 .bss.whoamI    0x2000021d        0x1 Src\lsm303ah_reg.o
 *fill*         0x2000021e        0x2 
 .bss.heap_end.5887
                0x20000220        0x4 Src\syscalls.o
 .bss.__malloc_free_list
                0x20000224        0x4 c:/program files (x86)/atollic/truestudio for stm32 9.3.0/armtools/bin/../lib/gcc/arm-atollic-eabi/6.3.1/../../../../arm-atollic-eabi/lib/armv6-m\libc_nano.a(lib_a-nano-mallocr.o)
                0x20000224                __malloc_free_list
 .bss.__malloc_sbrk_start
                0x20000228        0x4 c:/program files (x86)/atollic/truestudio for stm32 9.3.0/armtools/bin/../lib/gcc/arm-atollic-eabi/6.3.1/../../../../arm-atollic-eabi/lib/armv6-m\libc_nano.a(lib_a-nano-mallocr.o)
                0x20000228                __malloc_sbrk_start
 *(COMMON)
 COMMON         0x2000022c        0x4 Drivers\STM32L0xx_HAL_Driver\Src\stm32l0xx_hal.o
                0x2000022c                uwTick
 COMMON         0x20000230      0x210 Src\encoder.o
                0x20000230                st_data_sensor_previwes_e
                0x20000250                st_data_sensor_e
                0x20000270                temperature_degC
                0x20000274                st_sigfox_parameters
                0x200002a4                st_stm_adc_variables
                0x200002ac                UartReady
                0x200002b0                st_gps_data_current
                0x200002d4                int_temp_sigfox
                0x200002d8                st_gps_data_previous
                0x200002fc                huart1
                0x2000037c                st_accelerometer
                0x20000390                int_volt_sigfox
                0x20000394                st_sigfox_frame
                0x200003ac                huart2
                0x2000042c                st_magnetometer
                0x20000434                value
 COMMON         0x20000440      0x4ed Src\gprs.o
                0x20000440                attempts
                0x20000444                hlpuart1
                0x200004c4                nn_com
                0x200006b8                huart5
                0x20000738                byteGSM
                0x2000092c                byte
 *fill*         0x2000092d        0x3 
 COMMON         0x20000930       0x4c Src\lsm303ah_reg.o
                0x20000930                hi2c1
 COMMON         0x2000097c      0x124 Src\main.o
                0x2000097c                huart4
                0x200009fc                hdma_adc
                0x20000a44                hadc
 COMMON         0x20000aa0        0x4 c:/program files (x86)/atollic/truestudio for stm32 9.3.0/armtools/bin/../lib/gcc/arm-atollic-eabi/6.3.1/../../../../arm-atollic-eabi/lib/armv6-m\libc_nano.a(lib_a-reent.o)
                0x20000aa0                errno
                0x20000aa4                . = ALIGN (0x4)
                0x20000aa4                _ebss = .
                0x20000aa4                __bss_end__ = _ebss

._user_heap_stack
                0x20000aa4      0x600 load address 0x0800aa5c
                0x20000aa4                . = ALIGN (0x4)
                0x20000aa4                PROVIDE (end, .)
                [!provide]                PROVIDE (_end, .)
                0x20000ca4                . = (. + _Min_Heap_Size)
 *fill*         0x20000aa4      0x200 
                0x200010a4                . = (. + _Min_Stack_Size)
 *fill*         0x20000ca4      0x400 
                0x200010a4                . = ALIGN (0x4)

/DISCARD/
 libc.a(*)
 libm.a(*)
 libgcc.a(*)

.ARM.attributes
                0x00000000       0x28
 *(.ARM.attributes)
 .ARM.attributes
                0x00000000       0x1e c:/program files (x86)/atollic/truestudio for stm32 9.3.0/armtools/bin/../lib/gcc/arm-atollic-eabi/6.3.1/armv6-m/crti.o
 .ARM.attributes
                0x0000001e       0x2c c:/program files (x86)/atollic/truestudio for stm32 9.3.0/armtools/bin/../lib/gcc/arm-atollic-eabi/6.3.1/armv6-m/crtbegin.o
 .ARM.attributes
                0x0000004a       0x32 Drivers\STM32L0xx_HAL_Driver\Src\stm32l0xx_hal.o
 .ARM.attributes
                0x0000007c       0x32 Drivers\STM32L0xx_HAL_Driver\Src\stm32l0xx_hal_adc.o
 .ARM.attributes
                0x000000ae       0x32 Drivers\STM32L0xx_HAL_Driver\Src\stm32l0xx_hal_cortex.o
 .ARM.attributes
                0x000000e0       0x32 Drivers\STM32L0xx_HAL_Driver\Src\stm32l0xx_hal_dma.o
 .ARM.attributes
                0x00000112       0x32 Drivers\STM32L0xx_HAL_Driver\Src\stm32l0xx_hal_gpio.o
 .ARM.attributes
                0x00000144       0x32 Drivers\STM32L0xx_HAL_Driver\Src\stm32l0xx_hal_i2c.o
 .ARM.attributes
                0x00000176       0x32 Drivers\STM32L0xx_HAL_Driver\Src\stm32l0xx_hal_i2c_ex.o
 .ARM.attributes
                0x000001a8       0x32 Drivers\STM32L0xx_HAL_Driver\Src\stm32l0xx_hal_rcc.o
 .ARM.attributes
                0x000001da       0x32 Drivers\STM32L0xx_HAL_Driver\Src\stm32l0xx_hal_rcc_ex.o
 .ARM.attributes
                0x0000020c       0x32 Drivers\STM32L0xx_HAL_Driver\Src\stm32l0xx_hal_uart.o
 .ARM.attributes
                0x0000023e       0x32 Drivers\STM32L0xx_HAL_Driver\Src\stm32l0xx_hal_uart_ex.o
 .ARM.attributes
                0x00000270       0x32 Src\encoder.o
 .ARM.attributes
                0x000002a2       0x32 Src\gprs.o
 .ARM.attributes
                0x000002d4       0x32 Src\gps.o
 .ARM.attributes
                0x00000306       0x32 Src\lsm303ah_reg.o
 .ARM.attributes
                0x00000338       0x32 Src\main.o
 .ARM.attributes
                0x0000036a       0x32 Src\sen031x.o
 .ARM.attributes
                0x0000039c       0x32 Src\sensors.o
 .ARM.attributes
                0x000003ce       0x32 Src\sigfox.o
 .ARM.attributes
                0x00000400       0x32 Src\stm32l0xx_hal_msp.o
 .ARM.attributes
                0x00000432       0x32 Src\stm32l0xx_it.o
 .ARM.attributes
                0x00000464       0x32 Src\syscalls.o
 .ARM.attributes
                0x00000496       0x32 Src\system_stm32l0xx.o
 .ARM.attributes
                0x000004c8       0x22 startup\startup_stm32l072xx.o
 .ARM.attributes
                0x000004ea       0x2c c:/program files (x86)/atollic/truestudio for stm32 9.3.0/armtools/bin/../lib/gcc/arm-atollic-eabi/6.3.1/../../../../arm-atollic-eabi/lib/armv6-m\libc_nano.a(lib_a-atof.o)
 .ARM.attributes
                0x00000516       0x2c c:/program files (x86)/atollic/truestudio for stm32 9.3.0/armtools/bin/../lib/gcc/arm-atollic-eabi/6.3.1/../../../../arm-atollic-eabi/lib/armv6-m\libc_nano.a(lib_a-atoi.o)
 .ARM.attributes
                0x00000542       0x2c c:/program files (x86)/atollic/truestudio for stm32 9.3.0/armtools/bin/../lib/gcc/arm-atollic-eabi/6.3.1/../../../../arm-atollic-eabi/lib/armv6-m\libc_nano.a(lib_a-errno.o)
 .ARM.attributes
                0x0000056e       0x2c c:/program files (x86)/atollic/truestudio for stm32 9.3.0/armtools/bin/../lib/gcc/arm-atollic-eabi/6.3.1/../../../../arm-atollic-eabi/lib/armv6-m\libc_nano.a(lib_a-impure.o)
 .ARM.attributes
                0x0000059a       0x2c c:/program files (x86)/atollic/truestudio for stm32 9.3.0/armtools/bin/../lib/gcc/arm-atollic-eabi/6.3.1/../../../../arm-atollic-eabi/lib/armv6-m\libc_nano.a(lib_a-init.o)
 .ARM.attributes
                0x000005c6       0x2c c:/program files (x86)/atollic/truestudio for stm32 9.3.0/armtools/bin/../lib/gcc/arm-atollic-eabi/6.3.1/../../../../arm-atollic-eabi/lib/armv6-m\libc_nano.a(lib_a-malloc.o)
 .ARM.attributes
                0x000005f2       0x2c c:/program files (x86)/atollic/truestudio for stm32 9.3.0/armtools/bin/../lib/gcc/arm-atollic-eabi/6.3.1/../../../../arm-atollic-eabi/lib/armv6-m\libc_nano.a(lib_a-memcpy-stub.o)
 .ARM.attributes
                0x0000061e       0x2c c:/program files (x86)/atollic/truestudio for stm32 9.3.0/armtools/bin/../lib/gcc/arm-atollic-eabi/6.3.1/../../../../arm-atollic-eabi/lib/armv6-m\libc_nano.a(lib_a-memset.o)
 .ARM.attributes
                0x0000064a       0x2c c:/program files (x86)/atollic/truestudio for stm32 9.3.0/armtools/bin/../lib/gcc/arm-atollic-eabi/6.3.1/../../../../arm-atollic-eabi/lib/armv6-m\libc_nano.a(lib_a-nano-freer.o)
 .ARM.attributes
                0x00000676       0x2c c:/program files (x86)/atollic/truestudio for stm32 9.3.0/armtools/bin/../lib/gcc/arm-atollic-eabi/6.3.1/../../../../arm-atollic-eabi/lib/armv6-m\libc_nano.a(lib_a-nano-mallocr.o)
 .ARM.attributes
                0x000006a2       0x2c c:/program files (x86)/atollic/truestudio for stm32 9.3.0/armtools/bin/../lib/gcc/arm-atollic-eabi/6.3.1/../../../../arm-atollic-eabi/lib/armv6-m\libc_nano.a(lib_a-sbrkr.o)
 .ARM.attributes
                0x000006ce       0x2c c:/program files (x86)/atollic/truestudio for stm32 9.3.0/armtools/bin/../lib/gcc/arm-atollic-eabi/6.3.1/../../../../arm-atollic-eabi/lib/armv6-m\libc_nano.a(lib_a-strcpy.o)
 .ARM.attributes
                0x000006fa       0x1c c:/program files (x86)/atollic/truestudio for stm32 9.3.0/armtools/bin/../lib/gcc/arm-atollic-eabi/6.3.1/../../../../arm-atollic-eabi/lib/armv6-m\libc_nano.a(lib_a-strlen.o)
 .ARM.attributes
                0x00000716       0x2c c:/program files (x86)/atollic/truestudio for stm32 9.3.0/armtools/bin/../lib/gcc/arm-atollic-eabi/6.3.1/../../../../arm-atollic-eabi/lib/armv6-m\libc_nano.a(lib_a-strstr.o)
 .ARM.attributes
                0x00000742       0x2c c:/program files (x86)/atollic/truestudio for stm32 9.3.0/armtools/bin/../lib/gcc/arm-atollic-eabi/6.3.1/../../../../arm-atollic-eabi/lib/armv6-m\libc_nano.a(lib_a-strtod.o)
 .ARM.attributes
                0x0000076e       0x2c c:/program files (x86)/atollic/truestudio for stm32 9.3.0/armtools/bin/../lib/gcc/arm-atollic-eabi/6.3.1/../../../../arm-atollic-eabi/lib/armv6-m\libc_nano.a(lib_a-strtok.o)
 .ARM.attributes
                0x0000079a       0x2c c:/program files (x86)/atollic/truestudio for stm32 9.3.0/armtools/bin/../lib/gcc/arm-atollic-eabi/6.3.1/../../../../arm-atollic-eabi/lib/armv6-m\libc_nano.a(lib_a-strtok_r.o)
 .ARM.attributes
                0x000007c6       0x2c c:/program files (x86)/atollic/truestudio for stm32 9.3.0/armtools/bin/../lib/gcc/arm-atollic-eabi/6.3.1/../../../../arm-atollic-eabi/lib/armv6-m\libc_nano.a(lib_a-strtol.o)
 .ARM.attributes
                0x000007f2       0x2c c:/program files (x86)/atollic/truestudio for stm32 9.3.0/armtools/bin/../lib/gcc/arm-atollic-eabi/6.3.1/../../../../arm-atollic-eabi/lib/armv6-m\libc_nano.a(lib_a-gdtoa-gethex.o)
 .ARM.attributes
                0x0000081e       0x2c c:/program files (x86)/atollic/truestudio for stm32 9.3.0/armtools/bin/../lib/gcc/arm-atollic-eabi/6.3.1/../../../../arm-atollic-eabi/lib/armv6-m\libc_nano.a(lib_a-gdtoa-hexnan.o)
 .ARM.attributes
                0x0000084a       0x2c c:/program files (x86)/atollic/truestudio for stm32 9.3.0/armtools/bin/../lib/gcc/arm-atollic-eabi/6.3.1/../../../../arm-atollic-eabi/lib/armv6-m\libc_nano.a(lib_a-locale.o)
 .ARM.attributes
                0x00000876       0x2c c:/program files (x86)/atollic/truestudio for stm32 9.3.0/armtools/bin/../lib/gcc/arm-atollic-eabi/6.3.1/../../../../arm-atollic-eabi/lib/armv6-m\libc_nano.a(lib_a-localeconv.o)
 .ARM.attributes
                0x000008a2       0x2c c:/program files (x86)/atollic/truestudio for stm32 9.3.0/armtools/bin/../lib/gcc/arm-atollic-eabi/6.3.1/../../../../arm-atollic-eabi/lib/armv6-m\libc_nano.a(lib_a-mbtowc_r.o)
 .ARM.attributes
                0x000008ce       0x2c c:/program files (x86)/atollic/truestudio for stm32 9.3.0/armtools/bin/../lib/gcc/arm-atollic-eabi/6.3.1/../../../../arm-atollic-eabi/lib/armv6-m\libc_nano.a(lib_a-mlock.o)
 .ARM.attributes
                0x000008fa       0x2c c:/program files (x86)/atollic/truestudio for stm32 9.3.0/armtools/bin/../lib/gcc/arm-atollic-eabi/6.3.1/../../../../arm-atollic-eabi/lib/armv6-m\libc_nano.a(lib_a-mprec.o)
 .ARM.attributes
                0x00000926       0x2c c:/program files (x86)/atollic/truestudio for stm32 9.3.0/armtools/bin/../lib/gcc/arm-atollic-eabi/6.3.1/../../../../arm-atollic-eabi/lib/armv6-m\libc_nano.a(lib_a-nano-callocr.o)
 .ARM.attributes
                0x00000952       0x2c c:/program files (x86)/atollic/truestudio for stm32 9.3.0/armtools/bin/../lib/gcc/arm-atollic-eabi/6.3.1/../../../../arm-atollic-eabi/lib/armv6-m\libc_nano.a(lib_a-reent.o)
 .ARM.attributes
                0x0000097e       0x2c c:/program files (x86)/atollic/truestudio for stm32 9.3.0/armtools/bin/../lib/gcc/arm-atollic-eabi/6.3.1/../../../../arm-atollic-eabi/lib/armv6-m\libc_nano.a(lib_a-strncmp.o)
 .ARM.attributes
                0x000009aa       0x2c c:/program files (x86)/atollic/truestudio for stm32 9.3.0/armtools/bin/../lib/gcc/arm-atollic-eabi/6.3.1/../../../../arm-atollic-eabi/lib/armv6-m\libc_nano.a(lib_a-wctomb_r.o)
 .ARM.attributes
                0x000009d6       0x2c c:/program files (x86)/atollic/truestudio for stm32 9.3.0/armtools/bin/../lib/gcc/arm-atollic-eabi/6.3.1/../../../../arm-atollic-eabi/lib/armv6-m\libc_nano.a(lib_a-ctype_.o)
 .ARM.attributes
                0x00000a02       0x2c c:/program files (x86)/atollic/truestudio for stm32 9.3.0/armtools/bin/../lib/gcc/arm-atollic-eabi/6.3.1/../../../../arm-atollic-eabi/lib/armv6-m\libm.a(lib_a-w_atan2.o)
 .ARM.attributes
                0x00000a2e       0x2c c:/program files (x86)/atollic/truestudio for stm32 9.3.0/armtools/bin/../lib/gcc/arm-atollic-eabi/6.3.1/../../../../arm-atollic-eabi/lib/armv6-m\libm.a(lib_a-w_sqrt.o)
 .ARM.attributes
                0x00000a5a       0x2c c:/program files (x86)/atollic/truestudio for stm32 9.3.0/armtools/bin/../lib/gcc/arm-atollic-eabi/6.3.1/../../../../arm-atollic-eabi/lib/armv6-m\libm.a(lib_a-e_atan2.o)
 .ARM.attributes
                0x00000a86       0x2c c:/program files (x86)/atollic/truestudio for stm32 9.3.0/armtools/bin/../lib/gcc/arm-atollic-eabi/6.3.1/../../../../arm-atollic-eabi/lib/armv6-m\libm.a(lib_a-e_sqrt.o)
 .ARM.attributes
                0x00000ab2       0x2c c:/program files (x86)/atollic/truestudio for stm32 9.3.0/armtools/bin/../lib/gcc/arm-atollic-eabi/6.3.1/../../../../arm-atollic-eabi/lib/armv6-m\libm.a(lib_a-s_atan.o)
 .ARM.attributes
                0x00000ade       0x2c c:/program files (x86)/atollic/truestudio for stm32 9.3.0/armtools/bin/../lib/gcc/arm-atollic-eabi/6.3.1/../../../../arm-atollic-eabi/lib/armv6-m\libm.a(lib_a-s_fabs.o)
 .ARM.attributes
                0x00000b0a       0x2c c:/program files (x86)/atollic/truestudio for stm32 9.3.0/armtools/bin/../lib/gcc/arm-atollic-eabi/6.3.1/../../../../arm-atollic-eabi/lib/armv6-m\libm.a(lib_a-s_lib_ver.o)
 .ARM.attributes
                0x00000b36       0x2c c:/program files (x86)/atollic/truestudio for stm32 9.3.0/armtools/bin/../lib/gcc/arm-atollic-eabi/6.3.1/../../../../arm-atollic-eabi/lib/armv6-m\libm.a(lib_a-s_matherr.o)
 .ARM.attributes
                0x00000b62       0x1e c:/program files (x86)/atollic/truestudio for stm32 9.3.0/armtools/bin/../lib/gcc/arm-atollic-eabi/6.3.1/armv6-m\libgcc.a(_thumb1_case_uqi.o)
 .ARM.attributes
                0x00000b80       0x1e c:/program files (x86)/atollic/truestudio for stm32 9.3.0/armtools/bin/../lib/gcc/arm-atollic-eabi/6.3.1/armv6-m\libgcc.a(_thumb1_case_shi.o)
 .ARM.attributes
                0x00000b9e       0x1e c:/program files (x86)/atollic/truestudio for stm32 9.3.0/armtools/bin/../lib/gcc/arm-atollic-eabi/6.3.1/armv6-m\libgcc.a(_udivsi3.o)
 .ARM.attributes
                0x00000bbc       0x1e c:/program files (x86)/atollic/truestudio for stm32 9.3.0/armtools/bin/../lib/gcc/arm-atollic-eabi/6.3.1/armv6-m\libgcc.a(_divsi3.o)
 .ARM.attributes
                0x00000bda       0x1e c:/program files (x86)/atollic/truestudio for stm32 9.3.0/armtools/bin/../lib/gcc/arm-atollic-eabi/6.3.1/armv6-m\libgcc.a(_dvmd_tls.o)
 .ARM.attributes
                0x00000bf8       0x1e c:/program files (x86)/atollic/truestudio for stm32 9.3.0/armtools/bin/../lib/gcc/arm-atollic-eabi/6.3.1/armv6-m\libgcc.a(_arm_cmpdf2.o)
 .ARM.attributes
                0x00000c16       0x1e c:/program files (x86)/atollic/truestudio for stm32 9.3.0/armtools/bin/../lib/gcc/arm-atollic-eabi/6.3.1/armv6-m\libgcc.a(_arm_cmpsf2.o)
 .ARM.attributes
                0x00000c34       0x1e c:/program files (x86)/atollic/truestudio for stm32 9.3.0/armtools/bin/../lib/gcc/arm-atollic-eabi/6.3.1/armv6-m\libgcc.a(_aeabi_uldivmod.o)
 .ARM.attributes
                0x00000c52       0x2c c:/program files (x86)/atollic/truestudio for stm32 9.3.0/armtools/bin/../lib/gcc/arm-atollic-eabi/6.3.1/armv6-m\libgcc.a(_fixunssfsi.o)
 .ARM.attributes
                0x00000c7e       0x2c c:/program files (x86)/atollic/truestudio for stm32 9.3.0/armtools/bin/../lib/gcc/arm-atollic-eabi/6.3.1/armv6-m\libgcc.a(_fixunsdfsi.o)
 .ARM.attributes
                0x00000caa       0x2c c:/program files (x86)/atollic/truestudio for stm32 9.3.0/armtools/bin/../lib/gcc/arm-atollic-eabi/6.3.1/armv6-m\libgcc.a(_udivmoddi4.o)
 .ARM.attributes
                0x00000cd6       0x2c c:/program files (x86)/atollic/truestudio for stm32 9.3.0/armtools/bin/../lib/gcc/arm-atollic-eabi/6.3.1/armv6-m\libgcc.a(addsf3.o)
 .ARM.attributes
                0x00000d02       0x2c c:/program files (x86)/atollic/truestudio for stm32 9.3.0/armtools/bin/../lib/gcc/arm-atollic-eabi/6.3.1/armv6-m\libgcc.a(divsf3.o)
 .ARM.attributes
                0x00000d2e       0x2c c:/program files (x86)/atollic/truestudio for stm32 9.3.0/armtools/bin/../lib/gcc/arm-atollic-eabi/6.3.1/armv6-m\libgcc.a(eqsf2.o)
 .ARM.attributes
                0x00000d5a       0x2c c:/program files (x86)/atollic/truestudio for stm32 9.3.0/armtools/bin/../lib/gcc/arm-atollic-eabi/6.3.1/armv6-m\libgcc.a(gesf2.o)
 .ARM.attributes
                0x00000d86       0x2c c:/program files (x86)/atollic/truestudio for stm32 9.3.0/armtools/bin/../lib/gcc/arm-atollic-eabi/6.3.1/armv6-m\libgcc.a(lesf2.o)
 .ARM.attributes
                0x00000db2       0x2c c:/program files (x86)/atollic/truestudio for stm32 9.3.0/armtools/bin/../lib/gcc/arm-atollic-eabi/6.3.1/armv6-m\libgcc.a(mulsf3.o)
 .ARM.attributes
                0x00000dde       0x2c c:/program files (x86)/atollic/truestudio for stm32 9.3.0/armtools/bin/../lib/gcc/arm-atollic-eabi/6.3.1/armv6-m\libgcc.a(subsf3.o)
 .ARM.attributes
                0x00000e0a       0x2c c:/program files (x86)/atollic/truestudio for stm32 9.3.0/armtools/bin/../lib/gcc/arm-atollic-eabi/6.3.1/armv6-m\libgcc.a(fixsfsi.o)
 .ARM.attributes
                0x00000e36       0x2c c:/program files (x86)/atollic/truestudio for stm32 9.3.0/armtools/bin/../lib/gcc/arm-atollic-eabi/6.3.1/armv6-m\libgcc.a(floatsisf.o)
 .ARM.attributes
                0x00000e62       0x2c c:/program files (x86)/atollic/truestudio for stm32 9.3.0/armtools/bin/../lib/gcc/arm-atollic-eabi/6.3.1/armv6-m\libgcc.a(floatunsisf.o)
 .ARM.attributes
                0x00000e8e       0x2c c:/program files (x86)/atollic/truestudio for stm32 9.3.0/armtools/bin/../lib/gcc/arm-atollic-eabi/6.3.1/armv6-m\libgcc.a(adddf3.o)
 .ARM.attributes
                0x00000eba       0x2c c:/program files (x86)/atollic/truestudio for stm32 9.3.0/armtools/bin/../lib/gcc/arm-atollic-eabi/6.3.1/armv6-m\libgcc.a(divdf3.o)
 .ARM.attributes
                0x00000ee6       0x2c c:/program files (x86)/atollic/truestudio for stm32 9.3.0/armtools/bin/../lib/gcc/arm-atollic-eabi/6.3.1/armv6-m\libgcc.a(eqdf2.o)
 .ARM.attributes
                0x00000f12       0x2c c:/program files (x86)/atollic/truestudio for stm32 9.3.0/armtools/bin/../lib/gcc/arm-atollic-eabi/6.3.1/armv6-m\libgcc.a(gedf2.o)
 .ARM.attributes
                0x00000f3e       0x2c c:/program files (x86)/atollic/truestudio for stm32 9.3.0/armtools/bin/../lib/gcc/arm-atollic-eabi/6.3.1/armv6-m\libgcc.a(ledf2.o)
 .ARM.attributes
                0x00000f6a       0x2c c:/program files (x86)/atollic/truestudio for stm32 9.3.0/armtools/bin/../lib/gcc/arm-atollic-eabi/6.3.1/armv6-m\libgcc.a(muldf3.o)
 .ARM.attributes
                0x00000f96       0x2c c:/program files (x86)/atollic/truestudio for stm32 9.3.0/armtools/bin/../lib/gcc/arm-atollic-eabi/6.3.1/armv6-m\libgcc.a(subdf3.o)
 .ARM.attributes
                0x00000fc2       0x2c c:/program files (x86)/atollic/truestudio for stm32 9.3.0/armtools/bin/../lib/gcc/arm-atollic-eabi/6.3.1/armv6-m\libgcc.a(unorddf2.o)
 .ARM.attributes
                0x00000fee       0x2c c:/program files (x86)/atollic/truestudio for stm32 9.3.0/armtools/bin/../lib/gcc/arm-atollic-eabi/6.3.1/armv6-m\libgcc.a(fixdfsi.o)
 .ARM.attributes
                0x0000101a       0x2c c:/program files (x86)/atollic/truestudio for stm32 9.3.0/armtools/bin/../lib/gcc/arm-atollic-eabi/6.3.1/armv6-m\libgcc.a(floatsidf.o)
 .ARM.attributes
                0x00001046       0x2c c:/program files (x86)/atollic/truestudio for stm32 9.3.0/armtools/bin/../lib/gcc/arm-atollic-eabi/6.3.1/armv6-m\libgcc.a(floatunsidf.o)
 .ARM.attributes
                0x00001072       0x2c c:/program files (x86)/atollic/truestudio for stm32 9.3.0/armtools/bin/../lib/gcc/arm-atollic-eabi/6.3.1/armv6-m\libgcc.a(truncdfsf2.o)
 .ARM.attributes
                0x0000109e       0x1e c:/program files (x86)/atollic/truestudio for stm32 9.3.0/armtools/bin/../lib/gcc/arm-atollic-eabi/6.3.1/armv6-m\libgcc.a(_clzsi2.o)
 .ARM.attributes
                0x000010bc       0x1e c:/program files (x86)/atollic/truestudio for stm32 9.3.0/armtools/bin/../lib/gcc/arm-atollic-eabi/6.3.1/armv6-m\libgcc.a(_clzdi2.o)
 .ARM.attributes
                0x000010da       0x1e c:/program files (x86)/atollic/truestudio for stm32 9.3.0/armtools/bin/../lib/gcc/arm-atollic-eabi/6.3.1/armv6-m/crtn.o
OUTPUT(Box_3.0.elf elf32-littlearm)

.debug_info     0x00000000    0x258c4
 .debug_info    0x00000000      0x902 Drivers\STM32L0xx_HAL_Driver\Src\stm32l0xx_hal.o
 .debug_info    0x00000902     0x1498 Drivers\STM32L0xx_HAL_Driver\Src\stm32l0xx_hal_adc.o
 .debug_info    0x00001d9a      0xb66 Drivers\STM32L0xx_HAL_Driver\Src\stm32l0xx_hal_cortex.o
 .debug_info    0x00002900      0x979 Drivers\STM32L0xx_HAL_Driver\Src\stm32l0xx_hal_dma.o
 .debug_info    0x00003279      0x83e Drivers\STM32L0xx_HAL_Driver\Src\stm32l0xx_hal_gpio.o
 .debug_info    0x00003ab7     0x3b41 Drivers\STM32L0xx_HAL_Driver\Src\stm32l0xx_hal_i2c.o
 .debug_info    0x000075f8      0x9d1 Drivers\STM32L0xx_HAL_Driver\Src\stm32l0xx_hal_i2c_ex.o
 .debug_info    0x00007fc9      0xf86 Drivers\STM32L0xx_HAL_Driver\Src\stm32l0xx_hal_rcc.o
 .debug_info    0x00008f4f      0xac4 Drivers\STM32L0xx_HAL_Driver\Src\stm32l0xx_hal_rcc_ex.o
 .debug_info    0x00009a13     0x1e5f Drivers\STM32L0xx_HAL_Driver\Src\stm32l0xx_hal_uart.o
 .debug_info    0x0000b872      0xa72 Drivers\STM32L0xx_HAL_Driver\Src\stm32l0xx_hal_uart_ex.o
 .debug_info    0x0000c2e4     0x18c9 Src\encoder.o
 .debug_info    0x0000dbad     0x189b Src\gprs.o
 .debug_info    0x0000f448     0x1b45 Src\gps.o
 .debug_info    0x00010f8d     0x8d41 Src\lsm303ah_reg.o
 .debug_info    0x00019cce     0x281c Src\main.o
 .debug_info    0x0001c4ea     0x1554 Src\sen031x.o
 .debug_info    0x0001da3e     0x1578 Src\sensors.o
 .debug_info    0x0001efb6     0x1f54 Src\sigfox.o
 .debug_info    0x00020f0a     0x1f57 Src\stm32l0xx_hal_msp.o
 .debug_info    0x00022e61     0x1669 Src\stm32l0xx_it.o
 .debug_info    0x000244ca      0xfe1 Src\syscalls.o
 .debug_info    0x000254ab      0x398 Src\system_stm32l0xx.o
 .debug_info    0x00025843       0x81 startup\startup_stm32l072xx.o

.debug_abbrev   0x00000000     0x3cde
 .debug_abbrev  0x00000000      0x28e Drivers\STM32L0xx_HAL_Driver\Src\stm32l0xx_hal.o
 .debug_abbrev  0x0000028e      0x2a5 Drivers\STM32L0xx_HAL_Driver\Src\stm32l0xx_hal_adc.o
 .debug_abbrev  0x00000533      0x29d Drivers\STM32L0xx_HAL_Driver\Src\stm32l0xx_hal_cortex.o
 .debug_abbrev  0x000007d0      0x218 Drivers\STM32L0xx_HAL_Driver\Src\stm32l0xx_hal_dma.o
 .debug_abbrev  0x000009e8      0x1ff Drivers\STM32L0xx_HAL_Driver\Src\stm32l0xx_hal_gpio.o
 .debug_abbrev  0x00000be7      0x334 Drivers\STM32L0xx_HAL_Driver\Src\stm32l0xx_hal_i2c.o
 .debug_abbrev  0x00000f1b      0x1c6 Drivers\STM32L0xx_HAL_Driver\Src\stm32l0xx_hal_i2c_ex.o
 .debug_abbrev  0x000010e1      0x2af Drivers\STM32L0xx_HAL_Driver\Src\stm32l0xx_hal_rcc.o
 .debug_abbrev  0x00001390      0x250 Drivers\STM32L0xx_HAL_Driver\Src\stm32l0xx_hal_rcc_ex.o
 .debug_abbrev  0x000015e0      0x321 Drivers\STM32L0xx_HAL_Driver\Src\stm32l0xx_hal_uart.o
 .debug_abbrev  0x00001901      0x23f Drivers\STM32L0xx_HAL_Driver\Src\stm32l0xx_hal_uart_ex.o
 .debug_abbrev  0x00001b40      0x354 Src\encoder.o
 .debug_abbrev  0x00001e94      0x2bd Src\gprs.o
 .debug_abbrev  0x00002151      0x2a2 Src\gps.o
 .debug_abbrev  0x000023f3      0x46c Src\lsm303ah_reg.o
 .debug_abbrev  0x0000285f      0x3c5 Src\main.o
 .debug_abbrev  0x00002c24      0x286 Src\sen031x.o
 .debug_abbrev  0x00002eaa      0x264 Src\sensors.o
 .debug_abbrev  0x0000310e      0x2e1 Src\sigfox.o
 .debug_abbrev  0x000033ef      0x2a8 Src\stm32l0xx_hal_msp.o
 .debug_abbrev  0x00003697      0x24e Src\stm32l0xx_it.o
 .debug_abbrev  0x000038e5      0x2d9 Src\syscalls.o
 .debug_abbrev  0x00003bbe      0x10e Src\system_stm32l0xx.o
 .debug_abbrev  0x00003ccc       0x12 startup\startup_stm32l072xx.o

.debug_loc      0x00000000     0xd222
 .debug_loc     0x00000000      0x17f Drivers\STM32L0xx_HAL_Driver\Src\stm32l0xx_hal.o
 .debug_loc     0x0000017f      0xa59 Drivers\STM32L0xx_HAL_Driver\Src\stm32l0xx_hal_adc.o
 .debug_loc     0x00000bd8      0x3f4 Drivers\STM32L0xx_HAL_Driver\Src\stm32l0xx_hal_cortex.o
 .debug_loc     0x00000fcc      0x795 Drivers\STM32L0xx_HAL_Driver\Src\stm32l0xx_hal_dma.o
 .debug_loc     0x00001761      0x586 Drivers\STM32L0xx_HAL_Driver\Src\stm32l0xx_hal_gpio.o
 .debug_loc     0x00001ce7     0x38d6 Drivers\STM32L0xx_HAL_Driver\Src\stm32l0xx_hal_i2c.o
 .debug_loc     0x000055bd      0x1ee Drivers\STM32L0xx_HAL_Driver\Src\stm32l0xx_hal_i2c_ex.o
 .debug_loc     0x000057ab      0x5c6 Drivers\STM32L0xx_HAL_Driver\Src\stm32l0xx_hal_rcc.o
 .debug_loc     0x00005d71      0x50e Drivers\STM32L0xx_HAL_Driver\Src\stm32l0xx_hal_rcc_ex.o
 .debug_loc     0x0000627f     0x1509 Drivers\STM32L0xx_HAL_Driver\Src\stm32l0xx_hal_uart.o
 .debug_loc     0x00007788      0x2fc Drivers\STM32L0xx_HAL_Driver\Src\stm32l0xx_hal_uart_ex.o
 .debug_loc     0x00007a84      0x72c Src\encoder.o
 .debug_loc     0x000081b0      0x309 Src\gprs.o
 .debug_loc     0x000084b9      0x243 Src\gps.o
 .debug_loc     0x000086fc     0x3f80 Src\lsm303ah_reg.o
 .debug_loc     0x0000c67c      0x1aa Src\main.o
 .debug_loc     0x0000c826      0x249 Src\sen031x.o
 .debug_loc     0x0000ca6f       0x99 Src\sigfox.o
 .debug_loc     0x0000cb08      0x161 Src\stm32l0xx_hal_msp.o
 .debug_loc     0x0000cc69      0x45e Src\syscalls.o
 .debug_loc     0x0000d0c7      0x15b Src\system_stm32l0xx.o

.debug_aranges  0x00000000     0x1220
 .debug_aranges
                0x00000000       0xf0 Drivers\STM32L0xx_HAL_Driver\Src\stm32l0xx_hal.o
 .debug_aranges
                0x000000f0       0xd8 Drivers\STM32L0xx_HAL_Driver\Src\stm32l0xx_hal_adc.o
 .debug_aranges
                0x000001c8       0x90 Drivers\STM32L0xx_HAL_Driver\Src\stm32l0xx_hal_cortex.o
 .debug_aranges
                0x00000258       0x78 Drivers\STM32L0xx_HAL_Driver\Src\stm32l0xx_hal_dma.o
 .debug_aranges
                0x000002d0       0x58 Drivers\STM32L0xx_HAL_Driver\Src\stm32l0xx_hal_gpio.o
 .debug_aranges
                0x00000328      0x238 Drivers\STM32L0xx_HAL_Driver\Src\stm32l0xx_hal_i2c.o
 .debug_aranges
                0x00000560       0x48 Drivers\STM32L0xx_HAL_Driver\Src\stm32l0xx_hal_i2c_ex.o
 .debug_aranges
                0x000005a8       0x80 Drivers\STM32L0xx_HAL_Driver\Src\stm32l0xx_hal_rcc.o
 .debug_aranges
                0x00000628       0x98 Drivers\STM32L0xx_HAL_Driver\Src\stm32l0xx_hal_rcc_ex.o
 .debug_aranges
                0x000006c0      0x1a0 Drivers\STM32L0xx_HAL_Driver\Src\stm32l0xx_hal_uart.o
 .debug_aranges
                0x00000860       0x58 Drivers\STM32L0xx_HAL_Driver\Src\stm32l0xx_hal_uart_ex.o
 .debug_aranges
                0x000008b8       0x70 Src\encoder.o
 .debug_aranges
                0x00000928       0x40 Src\gprs.o
 .debug_aranges
                0x00000968       0x30 Src\gps.o
 .debug_aranges
                0x00000998      0x578 Src\lsm303ah_reg.o
 .debug_aranges
                0x00000f10       0x70 Src\main.o
 .debug_aranges
                0x00000f80       0x28 Src\sen031x.o
 .debug_aranges
                0x00000fa8       0x60 Src\sensors.o
 .debug_aranges
                0x00001008       0x68 Src\sigfox.o
 .debug_aranges
                0x00001070       0x50 Src\stm32l0xx_hal_msp.o
 .debug_aranges
                0x000010c0       0x60 Src\stm32l0xx_it.o
 .debug_aranges
                0x00001120       0xb0 Src\syscalls.o
 .debug_aranges
                0x000011d0       0x28 Src\system_stm32l0xx.o
 .debug_aranges
                0x000011f8       0x28 startup\startup_stm32l072xx.o

.debug_ranges   0x00000000     0x1628
 .debug_ranges  0x00000000       0xe0 Drivers\STM32L0xx_HAL_Driver\Src\stm32l0xx_hal.o
 .debug_ranges  0x000000e0       0xc8 Drivers\STM32L0xx_HAL_Driver\Src\stm32l0xx_hal_adc.o
 .debug_ranges  0x000001a8      0x138 Drivers\STM32L0xx_HAL_Driver\Src\stm32l0xx_hal_cortex.o
 .debug_ranges  0x000002e0       0xa8 Drivers\STM32L0xx_HAL_Driver\Src\stm32l0xx_hal_dma.o