main.c:166:6:SystemClock_Config	128	static
main.c:594:6:blink	24	static
main.c:112:5:main	64	static
main.c:604:6:fn_fprint	32	dynamic
main.c:615:6:HAL_UART_TxCpltCallback	8	static
main.c:627:6:HAL_UART_RxCpltCallback	16	static
main.c:645:6:HAL_UART_RxHalfCpltCallback	8	static
main.c:649:7:get_temp	8	static
main.c:654:6:fn_get_stm32_temperature	8	static
main.c:659:6:fn_get_stm32_volts	8	static
main.c:665:6:fn_fprintnumber	16	static
main.c:671:6:fn_change_baundrate	8	static
main.c:695:6:Error_Handler	0	static
main.c:710:6:assert_failed	0	static
