stm32l0xx_it.c:80:6:NMI_Handler	0	static
stm32l0xx_it.c:93:6:HardFault_Handler	8	static
stm32l0xx_it.c:109:6:SVC_Handler	0	static
stm32l0xx_it.c:122:6:PendSV_Handler	0	static
stm32l0xx_it.c:135:6:SysTick_Handler	8	static
stm32l0xx_it.c:156:6:DMA1_Channel1_IRQHandler	8	static
stm32l0xx_it.c:170:6:DMA1_Channel2_3_IRQHandler	8	static
stm32l0xx_it.c:185:6:DMA1_Channel4_5_6_7_IRQHandler	8	static
stm32l0xx_it.c:200:6:ADC1_COMP_IRQHandler	8	static
stm32l0xx_it.c:214:6:USART4_5_IRQHandler	8	static
stm32l0xx_it.c:229:6:USART1_IRQHandler	8	static
stm32l0xx_it.c:243:6:USART2_IRQHandler	8	static
stm32l0xx_it.c:257:6:RNG_LPUART1_IRQHandler	8	static
