stm32l0xx_it.c:78:6:NMI_Handler	0	static
stm32l0xx_it.c:91:6:HardFault_Handler	8	static
stm32l0xx_it.c:107:6:SVC_Handler	0	static
stm32l0xx_it.c:120:6:PendSV_Handler	0	static
stm32l0xx_it.c:133:6:SysTick_Handler	8	static
stm32l0xx_it.c:154:6:DMA1_Channel1_IRQHandler	8	static
stm32l0xx_it.c:168:6:DMA1_Channel2_3_IRQHandler	8	static
stm32l0xx_it.c:183:6:ADC1_COMP_IRQHandler	8	static
stm32l0xx_it.c:197:6:USART4_5_IRQHandler	8	static
stm32l0xx_it.c:212:6:USART1_IRQHandler	8	static
stm32l0xx_it.c:226:6:USART2_IRQHandler	8	static
stm32l0xx_it.c:240:6:RNG_LPUART1_IRQHandler	8	static
